GAS LISTING /tmp/cc4iNb1t.s 			page 1


   1              		.file	"PCB.cpp"
   2              		.option pic
   3              		.option norelax
   4              		.text
   5              	.Ltext0:
   6              		.align	2
   7              		.globl	_ZN3PCB13threadWrapperEv
   9              	_ZN3PCB13threadWrapperEv:
  10              	.LFB45:
  11              		.file 1 "src/PCB.cpp"
   1:src/PCB.cpp   **** #include "../h/PCB.h"
   2:src/PCB.cpp   **** #include "../h/System.h"
   3:src/PCB.cpp   **** #include "../h/Scheduler.h"
   4:src/PCB.cpp   **** 
   5:src/PCB.cpp   **** PCB* PCB::running = nullptr;
   6:src/PCB.cpp   **** uint64 PCB::timeSliceCnt = 0;
   7:src/PCB.cpp   **** 
   8:src/PCB.cpp   **** PCB* PCB::createPCB(tBody tbody, void* arg, void* stack_space) {
   9:src/PCB.cpp   ****     return new PCB(tbody, arg, stack_space);
  10:src/PCB.cpp   **** }
  11:src/PCB.cpp   **** 
  12:src/PCB.cpp   **** PCB::PCB(tBody tbody, void* arg, void* stack_space)
  13:src/PCB.cpp   ****         : tbody(tbody),
  14:src/PCB.cpp   ****           args(arg),
  15:src/PCB.cpp   ****           stack(tbody ? (uint8*)stack_space : nullptr),
  16:src/PCB.cpp   ****           context({
  17:src/PCB.cpp   ****                           (uint64)&threadWrapper,
  18:src/PCB.cpp   ****                           stack ? (uint64)&stack[DEFAULT_STACK_SIZE] : 0
  19:src/PCB.cpp   ****                   }),
  20:src/PCB.cpp   ****           timeSlice(DEFAULT_TIME_SLICE),
  21:src/PCB.cpp   ****           state(INITALIZED),
  22:src/PCB.cpp   ****           backFromClosedSemaphore(false)
  23:src/PCB.cpp   **** {
  24:src/PCB.cpp   ****     if (tbody)
  25:src/PCB.cpp   ****         Scheduler::put(this);
  26:src/PCB.cpp   ****     else
  27:src/PCB.cpp   ****         this->state = RUNNING;
  28:src/PCB.cpp   **** }
  29:src/PCB.cpp   **** 
  30:src/PCB.cpp   **** void PCB::dispatch() {
  31:src/PCB.cpp   ****     PCB* old = running;
  32:src/PCB.cpp   ****     if (old && old->getState() == RUNNING) Scheduler::put(old);
  33:src/PCB.cpp   **** 
  34:src/PCB.cpp   ****     PCB* next = Scheduler::get();
  35:src/PCB.cpp   ****     if (!next) {
  36:src/PCB.cpp   ****         // nema spremnih niti, ostaje trenutna
  37:src/PCB.cpp   ****         return;
  38:src/PCB.cpp   ****     }
  39:src/PCB.cpp   **** 
  40:src/PCB.cpp   ****     running = next;
  41:src/PCB.cpp   ****     running->setState(RUNNING);
  42:src/PCB.cpp   ****     PCB::timeSliceCnt = 0;
  43:src/PCB.cpp   ****     PCB::contextSwitch(&old->context, &running->context);
  44:src/PCB.cpp   **** }
  45:src/PCB.cpp   **** 
  46:src/PCB.cpp   **** 
  47:src/PCB.cpp   **** void PCB::threadWrapper() {
GAS LISTING /tmp/cc4iNb1t.s 			page 2


  12              		.loc 1 47 27
  13              		.cfi_startproc
  14 0000 130101FF 		addi	sp,sp,-16
  15              		.cfi_def_cfa_offset 16
  16 0004 23341100 		sd	ra,8(sp)
  17 0008 23308100 		sd	s0,0(sp)
  18              		.cfi_offset 1, -8
  19              		.cfi_offset 8, -16
  20 000c 13040101 		addi	s0,sp,16
  21              		.cfi_def_cfa 8, 0
  48:src/PCB.cpp   ****     System::popSppSie();
  22              		.loc 1 48 5
  23              		.loc 1 48 22 is_stmt 0
  24 0010 97000000 		call	_ZN6System9popSppSieEv@plt
  24      E7800000 
  25              	.LVL0:
  49:src/PCB.cpp   ****     running->tbody(running->args);
  26              		.loc 1 49 5 is_stmt 1
  27              		.loc 1 49 14 is_stmt 0
  28 0018 97070000 		ld	a5,.LANCHOR0
  28      83B70700 
  29 0020 03B70700 		ld	a4,0(a5)
  30              		.loc 1 49 19
  31 0024 03B58700 		ld	a0,8(a5)
  32 0028 E7000700 		jalr	a4
  33              	.LVL1:
  50:src/PCB.cpp   ****     thread_exit();
  34              		.loc 1 50 5 is_stmt 1
  35              		.loc 1 50 16 is_stmt 0
  36 002c 97000000 		call	_Z11thread_exitv@plt
  36      E7800000 
  37              	.LVL2:
  51:src/PCB.cpp   **** }
  38              		.loc 1 51 1
  39 0034 83308100 		ld	ra,8(sp)
  40              		.cfi_restore 1
  41 0038 03340100 		ld	s0,0(sp)
  42              		.cfi_restore 8
  43              		.cfi_def_cfa 2, 16
  44 003c 13010101 		addi	sp,sp,16
  45              		.cfi_def_cfa_offset 0
  46 0040 67800000 		jr	ra
  47              		.cfi_endproc
  48              	.LFE45:
  50              		.align	2
  51              		.globl	_ZN3PCBC2EPFvPvES0_S0_
  53              	_ZN3PCBC2EPFvPvES0_S0_:
  54              	.LFB42:
  12:src/PCB.cpp   ****         : tbody(tbody),
  55              		.loc 1 12 1 is_stmt 1
  56              		.cfi_startproc
  57              	.LVL3:
  58 0044 130101FE 		addi	sp,sp,-32
  59              		.cfi_def_cfa_offset 32
  60 0048 233C1100 		sd	ra,24(sp)
  61 004c 23388100 		sd	s0,16(sp)
  62 0050 23349100 		sd	s1,8(sp)
GAS LISTING /tmp/cc4iNb1t.s 			page 3


  63              		.cfi_offset 1, -8
  64              		.cfi_offset 8, -16
  65              		.cfi_offset 9, -24
  66 0054 13040102 		addi	s0,sp,32
  67              		.cfi_def_cfa 8, 0
  68 0058 93040500 		mv	s1,a0
  69              	.LBB32:
  22:src/PCB.cpp   **** {
  70              		.loc 1 22 40 is_stmt 0
  71 005c 2330B500 		sd	a1,0(a0)
  72 0060 2334C500 		sd	a2,8(a0)
  15:src/PCB.cpp   ****           context({
  73              		.loc 1 15 23
  74 0064 638C0508 		beqz	a1,.L13
  75              	.LVL4:
  76              	.L4:
  22:src/PCB.cpp   **** {
  77              		.loc 1 22 40
  78 0068 23B8D400 		sd	a3,16(s1)
  79 006c 97070000 		lla	a5,_ZN3PCB13threadWrapperEv
  79      93870700 
  80 0074 23BCF400 		sd	a5,24(s1)
  18:src/PCB.cpp   ****                   }),
  81              		.loc 1 18 33
  82 0078 63860608 		beqz	a3,.L11
  18:src/PCB.cpp   ****                   }),
  83              		.loc 1 18 43 discriminator 1
  84 007c B7170000 		li	a5,4096
  85 0080 B386F600 		add	a3,a3,a5
  86              	.L5:
  22:src/PCB.cpp   **** {
  87              		.loc 1 22 40
  88 0084 23B0D402 		sd	a3,32(s1)
  89 0088 93072000 		li	a5,2
  90 008c 23B4F402 		sd	a5,40(s1)
  91 0090 238A0402 		sb	zero,52(s1)
  24:src/PCB.cpp   ****         Scheduler::put(this);
  92              		.loc 1 24 5 is_stmt 1
  93 0094 63860508 		beqz	a1,.L6
  25:src/PCB.cpp   ****     else
  94              		.loc 1 25 9
  95              	.LVL5:
  96              	.LBE32:
  97              		.file 2 "src/../h/Scheduler.h"
   1:src/../h/Scheduler.h **** //
   2:src/../h/Scheduler.h **** // Created by os on 10/13/25.
   3:src/../h/Scheduler.h **** //
   4:src/../h/Scheduler.h **** 
   5:src/../h/Scheduler.h **** #ifndef OSNOVNI_PROJEKAT_SCHEDULER_H
   6:src/../h/Scheduler.h **** #define OSNOVNI_PROJEKAT_SCHEDULER_H
   7:src/../h/Scheduler.h **** #include "../h/list.h"
   8:src/../h/Scheduler.h **** #include "../h/PCB.h"
   9:src/../h/Scheduler.h **** 
  10:src/../h/Scheduler.h **** class Scheduler{
  11:src/../h/Scheduler.h **** private:
  12:src/../h/Scheduler.h ****     static List<PCB> ready;
  13:src/../h/Scheduler.h ****     static List<PCB> sleep;
GAS LISTING /tmp/cc4iNb1t.s 			page 4


  14:src/../h/Scheduler.h ****     Scheduler() {}
  15:src/../h/Scheduler.h ****     Scheduler(const Scheduler&) = delete;
  16:src/../h/Scheduler.h ****     Scheduler& operator=(const Scheduler&) = delete;
  17:src/../h/Scheduler.h ****     Scheduler(Scheduler&&) = delete;
  18:src/../h/Scheduler.h ****     Scheduler& operator=(Scheduler&&) = delete;
  19:src/../h/Scheduler.h **** public:
  20:src/../h/Scheduler.h ****     static Scheduler& instance() {
  21:src/../h/Scheduler.h ****         static Scheduler instance;
  22:src/../h/Scheduler.h ****         return instance;
  23:src/../h/Scheduler.h ****     }
  24:src/../h/Scheduler.h ****     static PCB* get(){
  25:src/../h/Scheduler.h ****         return Scheduler::ready.remove_first();
  26:src/../h/Scheduler.h ****     }
  27:src/../h/Scheduler.h ****     static void put(PCB* pcb){
  28:src/../h/Scheduler.h ****         pcb->setState(READY);
  98              		.loc 2 28 9
  99              	.LBB44:
 100              	.LBB33:
 101              	.LBB34:
 102              	.LBB35:
 103              		.file 3 "src/../h/PCB.h"
   1:src/../h/PCB.h **** #ifndef OSNOVNI_PROJEKAT_PCB_H
   2:src/../h/PCB.h **** #define OSNOVNI_PROJEKAT_PCB_H
   3:src/../h/PCB.h **** 
   4:src/../h/PCB.h **** #include "syscall_cpp.h"
   5:src/../h/PCB.h **** #include "../lib/hw.h"
   6:src/../h/PCB.h **** 
   7:src/../h/PCB.h **** enum State {
   8:src/../h/PCB.h ****     INITALIZED,
   9:src/../h/PCB.h ****     READY,
  10:src/../h/PCB.h ****     RUNNING,
  11:src/../h/PCB.h ****     BLOCKED,
  12:src/../h/PCB.h ****     SLEEPING,
  13:src/../h/PCB.h ****     FINISHED
  14:src/../h/PCB.h **** };
  15:src/../h/PCB.h **** 
  16:src/../h/PCB.h **** class PCB {
  17:src/../h/PCB.h **** public:
  18:src/../h/PCB.h ****     using tBody = void (*)(void*);
  19:src/../h/PCB.h ****     static PCB* createPCB(tBody tbody, void* arg, void* stack_space);
  20:src/../h/PCB.h ****     ~PCB() { delete stack; }
  21:src/../h/PCB.h ****     State getState() const { return state; }
  22:src/../h/PCB.h ****     void setState(State value) { state = value; }
 104              		.loc 3 22 34
 105              		.loc 3 22 40 is_stmt 0
 106 0098 93071000 		li	a5,1
 107 009c 23A8F402 		sw	a5,48(s1)
 108              	.LVL6:
 109              	.LBE35:
 110              	.LBE34:
 111              	.LBE33:
 112              	.LBE44:
  29:src/../h/Scheduler.h ****         Scheduler::ready.addLast(pcb);
 113              		.loc 2 29 9 is_stmt 1
 114              	.LBB45:
 115              	.LBB42:
 116              	.LBB36:
GAS LISTING /tmp/cc4iNb1t.s 			page 5


 117              	.LBB37:
 118              		.file 4 "src/../h/../h/list.h"
   1:src/../h/../h/list.h **** //
   2:src/../h/../h/list.h **** // Created by os on 10/18/25.
   3:src/../h/../h/list.h **** //
   4:src/../h/../h/list.h **** 
   5:src/../h/../h/list.h **** #ifndef PROJEKAT_LIST_H
   6:src/../h/../h/list.h **** #define PROJEKAT_LIST_H
   7:src/../h/../h/list.h **** 
   8:src/../h/../h/list.h **** template <typename T>
   9:src/../h/../h/list.h **** class List {
  10:src/../h/../h/list.h **** private:
  11:src/../h/../h/list.h ****     struct Elem {
  12:src/../h/../h/list.h ****         T* data;
  13:src/../h/../h/list.h ****         Elem* next;
  14:src/../h/../h/list.h **** 
  15:src/../h/../h/list.h ****         Elem(T* dat, Elem* nxt) : data(dat), next(nxt) {}
  16:src/../h/../h/list.h ****     };
  17:src/../h/../h/list.h ****     Elem* head;
  18:src/../h/../h/list.h ****     Elem* tail;
  19:src/../h/../h/list.h ****     unsigned long size;
  20:src/../h/../h/list.h **** public:
  21:src/../h/../h/list.h ****     List() : head(0), tail(0), size(0) {}
  22:src/../h/../h/list.h ****     List(const List<T>&) = delete;
  23:src/../h/../h/list.h ****     List<T>& operator=(const List<T>&) = delete;
  24:src/../h/../h/list.h ****     unsigned long getSize() const { return size; }
  25:src/../h/../h/list.h ****     void add(T* data) {
  26:src/../h/../h/list.h ****         Elem* elem = new Elem(data, head);
  27:src/../h/../h/list.h ****         head = elem;
  28:src/../h/../h/list.h ****         if (!tail)
  29:src/../h/../h/list.h ****             tail = head;
  30:src/../h/../h/list.h ****         ++size;
  31:src/../h/../h/list.h ****     }
  32:src/../h/../h/list.h ****     void addLast(T* data) {
  33:src/../h/../h/list.h ****         Elem* elem = new Elem(data, 0);
 119              		.loc 4 33 22 is_stmt 0
 120 00a0 13050001 		li	a0,16
 121              	.LVL7:
 122 00a4 97000000 		call	_Znwm@plt
 122      E7800000 
 123              	.LVL8:
 124              	.LBB38:
 125              	.LBB39:
  15:src/../h/../h/list.h ****     };
 126              		.loc 4 15 54
 127 00ac 23309500 		sd	s1,0(a0)
 128 00b0 23340500 		sd	zero,8(a0)
 129              	.LVL9:
 130              	.LBE39:
 131              	.LBE38:
  34:src/../h/../h/list.h ****         if (tail) {
 132              		.loc 4 34 13
 133 00b4 97070000 		la	a5,_ZN9Scheduler5readyE
 133      83B70700 
 134 00bc 83B78700 		ld	a5,8(a5)
 135              		.loc 4 34 9
 136 00c0 63860704 		beqz	a5,.L7
GAS LISTING /tmp/cc4iNb1t.s 			page 6


  35:src/../h/../h/list.h ****             tail->next = elem;
 137              		.loc 4 35 13
 138 00c4 23B4A700 		sd	a0,8(a5)
  36:src/../h/../h/list.h ****             tail = elem;
 139              		.loc 4 36 13
 140 00c8 97070000 		la	a5,_ZN9Scheduler5readyE
 140      83B70700 
 141 00d0 23B4A700 		sd	a0,8(a5)
 142              	.L8:
  37:src/../h/../h/list.h ****         }
  38:src/../h/../h/list.h ****         else
  39:src/../h/../h/list.h ****             head = tail = elem;
  40:src/../h/../h/list.h ****         ++size;
 143              		.loc 4 40 11
 144 00d4 17070000 		la	a4,_ZN9Scheduler5readyE
 144      03370700 
 145 00dc 83370701 		ld	a5,16(a4)
 146              		.loc 4 40 9
 147 00e0 93871700 		addi	a5,a5,1
 148 00e4 2338F700 		sd	a5,16(a4)
 149              	.LVL10:
 150              	.L3:
 151              	.LBE37:
 152              	.LBE36:
 153              	.LBE42:
 154              	.LBE45:
  28:src/PCB.cpp   **** 
 155              		.loc 1 28 1
 156 00e8 83308101 		ld	ra,24(sp)
 157              		.cfi_remember_state
 158              		.cfi_restore 1
 159 00ec 03340101 		ld	s0,16(sp)
 160              		.cfi_restore 8
 161              		.cfi_def_cfa 2, 32
 162 00f0 83348100 		ld	s1,8(sp)
 163              		.cfi_restore 9
 164              	.LVL11:
 165 00f4 13010102 		addi	sp,sp,32
 166              		.cfi_def_cfa_offset 0
 167 00f8 67800000 		jr	ra
 168              	.LVL12:
 169              	.L13:
 170              		.cfi_restore_state
 171              	.LBB46:
  15:src/PCB.cpp   ****           context({
 172              		.loc 1 15 23
 173 00fc 93060000 		li	a3,0
 174              	.LVL13:
 175 0100 6FF09FF6 		j	.L4
 176              	.L11:
  18:src/PCB.cpp   ****                   }),
 177              		.loc 1 18 33
 178 0104 93060000 		li	a3,0
 179 0108 6FF0DFF7 		j	.L5
 180              	.LVL14:
 181              	.L7:
 182              	.LBB43:
GAS LISTING /tmp/cc4iNb1t.s 			page 7


 183              	.LBB41:
 184              	.LBB40:
  39:src/../h/../h/list.h ****         ++size;
 185              		.loc 4 39 13
 186 010c 97070000 		la	a5,_ZN9Scheduler5readyE
 186      83B70700 
 187 0114 23B4A700 		sd	a0,8(a5)
 188 0118 23B0A700 		sd	a0,0(a5)
 189 011c 6FF09FFB 		j	.L8
 190              	.LVL15:
 191              	.L6:
 192              	.LBE40:
 193              	.LBE41:
 194              	.LBE43:
  27:src/PCB.cpp   **** }
 195              		.loc 1 27 9 is_stmt 1
  27:src/PCB.cpp   **** }
 196              		.loc 1 27 21 is_stmt 0
 197 0120 93072000 		li	a5,2
 198 0124 23A8F402 		sw	a5,48(s1)
 199              	.LBE46:
  28:src/PCB.cpp   **** 
 200              		.loc 1 28 1
 201 0128 6FF01FFC 		j	.L3
 202              		.cfi_endproc
 203              	.LFE42:
 205              		.globl	_ZN3PCBC1EPFvPvES0_S0_
 206              		.set	_ZN3PCBC1EPFvPvES0_S0_,_ZN3PCBC2EPFvPvES0_S0_
 207              		.align	2
 208              		.globl	_ZN3PCB9createPCBEPFvPvES0_S0_
 210              	_ZN3PCB9createPCBEPFvPvES0_S0_:
 211              	.LFB40:
   8:src/PCB.cpp   ****     return new PCB(tbody, arg, stack_space);
 212              		.loc 1 8 64 is_stmt 1
 213              		.cfi_startproc
 214              		.cfi_personality 0x9b,DW.ref.__gxx_personality_v0
 215              		.cfi_lsda 0x1b,.LLSDA40
 216              	.LVL16:
 217 012c 130101FD 		addi	sp,sp,-48
 218              		.cfi_def_cfa_offset 48
 219 0130 23341102 		sd	ra,40(sp)
 220 0134 23308102 		sd	s0,32(sp)
 221 0138 233C9100 		sd	s1,24(sp)
 222 013c 23382101 		sd	s2,16(sp)
 223 0140 23343101 		sd	s3,8(sp)
 224 0144 23304101 		sd	s4,0(sp)
 225              		.cfi_offset 1, -8
 226              		.cfi_offset 8, -16
 227              		.cfi_offset 9, -24
 228              		.cfi_offset 18, -32
 229              		.cfi_offset 19, -40
 230              		.cfi_offset 20, -48
 231 0148 13040103 		addi	s0,sp,48
 232              		.cfi_def_cfa 8, 0
 233 014c 13090500 		mv	s2,a0
 234 0150 93890500 		mv	s3,a1
 235 0154 130A0600 		mv	s4,a2
GAS LISTING /tmp/cc4iNb1t.s 			page 8


   9:src/PCB.cpp   **** }
 236              		.loc 1 9 5
   9:src/PCB.cpp   **** }
 237              		.loc 1 9 43 is_stmt 0
 238 0158 13058003 		li	a0,56
 239              	.LVL17:
 240              	.LEHB0:
 241 015c 97000000 		call	_Znwm@plt
 241      E7800000 
 242              	.LVL18:
 243              	.LEHE0:
 244 0164 93040500 		mv	s1,a0
 245 0168 93060A00 		mv	a3,s4
 246 016c 13860900 		mv	a2,s3
 247 0170 93050900 		mv	a1,s2
 248              	.LEHB1:
 249 0174 97000000 		call	_ZN3PCBC1EPFvPvES0_S0_
 249      E7800000 
 250              	.LVL19:
 251              	.LEHE1:
 252 017c 6F000002 		j	.L19
 253              	.L16:
 254 0180 13090500 		mv	s2,a0
 255              	.LVL20:
 256 0184 13850400 		mv	a0,s1
 257 0188 97000000 		call	_ZdlPv@plt
 257      E7800000 
 258              	.LVL21:
 259 0190 13050900 		mv	a0,s2
 260              	.LEHB2:
 261 0194 97000000 		call	_Unwind_Resume@plt
 261      E7800000 
 262              	.LVL22:
 263              	.LEHE2:
 264              	.L19:
  10:src/PCB.cpp   **** 
 265              		.loc 1 10 1
 266 019c 13850400 		mv	a0,s1
 267 01a0 83308102 		ld	ra,40(sp)
 268              		.cfi_restore 1
 269 01a4 03340102 		ld	s0,32(sp)
 270              		.cfi_restore 8
 271              		.cfi_def_cfa 2, 48
 272 01a8 83348101 		ld	s1,24(sp)
 273              		.cfi_restore 9
 274 01ac 03390101 		ld	s2,16(sp)
 275              		.cfi_restore 18
 276              	.LVL23:
 277 01b0 83398100 		ld	s3,8(sp)
 278              		.cfi_restore 19
 279              	.LVL24:
 280 01b4 033A0100 		ld	s4,0(sp)
 281              		.cfi_restore 20
 282              	.LVL25:
 283 01b8 13010103 		addi	sp,sp,48
 284              		.cfi_def_cfa_offset 0
 285 01bc 67800000 		jr	ra
GAS LISTING /tmp/cc4iNb1t.s 			page 9


 286              		.cfi_endproc
 287              	.LFE40:
 288              		.globl	__gxx_personality_v0
 289              		.section	.gcc_except_table,"a",@progbits
 290              	.LLSDA40:
 291 0000 FF       		.byte	0xff
 292 0001 FF       		.byte	0xff
 293 0002 03       		.byte	0x3
 294 0003 27       		.byte	0x27
 295 0004 00000000 		.4byte	.LEHB0-.LFB40
 296 0008 00000000 		.4byte	.LEHE0-.LEHB0
 297 000c 00000000 		.4byte	0
 298 0010 00       		.byte	0
 299 0011 00000000 		.4byte	.LEHB1-.LFB40
 300 0015 00000000 		.4byte	.LEHE1-.LEHB1
 301 0019 00000000 		.4byte	.L16-.LFB40
 302 001d 00       		.byte	0
 303 001e 00000000 		.4byte	.LEHB2-.LFB40
 304 0022 00000000 		.4byte	.LEHE2-.LEHB2
 305 0026 00000000 		.4byte	0
 306 002a 00       		.byte	0
 307              		.text
 309              		.align	2
 310              		.globl	_ZN3PCB8dispatchEv
 312              	_ZN3PCB8dispatchEv:
 313              	.LFB44:
  30:src/PCB.cpp   ****     PCB* old = running;
 314              		.loc 1 30 22 is_stmt 1
 315              		.cfi_startproc
 316 01c0 130101FE 		addi	sp,sp,-32
 317              		.cfi_def_cfa_offset 32
 318 01c4 233C1100 		sd	ra,24(sp)
 319 01c8 23388100 		sd	s0,16(sp)
 320 01cc 23349100 		sd	s1,8(sp)
 321 01d0 23302101 		sd	s2,0(sp)
 322              		.cfi_offset 1, -8
 323              		.cfi_offset 8, -16
 324              		.cfi_offset 9, -24
 325              		.cfi_offset 18, -32
 326 01d4 13040102 		addi	s0,sp,32
 327              		.cfi_def_cfa 8, 0
  31:src/PCB.cpp   ****     if (old && old->getState() == RUNNING) Scheduler::put(old);
 328              		.loc 1 31 5
  31:src/PCB.cpp   ****     if (old && old->getState() == RUNNING) Scheduler::put(old);
 329              		.loc 1 31 10 is_stmt 0
 330 01d8 17090000 		ld	s2,.LANCHOR0
 330      03390900 
 331              	.LVL26:
  32:src/PCB.cpp   **** 
 332              		.loc 1 32 5 is_stmt 1
  32:src/PCB.cpp   **** 
 333              		.loc 1 32 13 is_stmt 0
 334 01e0 63080900 		beqz	s2,.L21
 335              	.LVL27:
 336              	.LBB64:
 337              	.LBB65:
  21:src/../h/PCB.h ****     void setState(State value) { state = value; }
GAS LISTING /tmp/cc4iNb1t.s 			page 10


 338              		.loc 3 21 30 is_stmt 1
  21:src/../h/PCB.h ****     void setState(State value) { state = value; }
 339              		.loc 3 21 37 is_stmt 0
 340 01e4 03270903 		lw	a4,48(s2)
 341              	.LVL28:
 342              	.LBE65:
 343              	.LBE64:
  32:src/PCB.cpp   **** 
 344              		.loc 1 32 13
 345 01e8 93072000 		li	a5,2
 346 01ec 6306F708 		beq	a4,a5,.L29
 347              	.L21:
  34:src/PCB.cpp   ****     if (!next) {
 348              		.loc 1 34 5 is_stmt 1
  25:src/../h/Scheduler.h ****     }
 349              		.loc 2 25 9
 350              	.LVL29:
 351              	.LBB66:
 352              	.LBB67:
 353              	.LBB68:
  41:src/../h/../h/list.h ****     }
  42:src/../h/../h/list.h ****     T* remove_first() {
  43:src/../h/../h/list.h ****         if (!head) return 0;
 354              		.loc 4 43 14 is_stmt 0
 355 01f0 97070000 		la	a5,_ZN9Scheduler5readyE
 355      83B70700 
 356 01f8 03B50700 		ld	a0,0(a5)
 357              		.loc 4 43 9
 358 01fc 6306050E 		beqz	a0,.L27
 359              	.LVL30:
  44:src/../h/../h/list.h ****         Elem* elem = head;
  45:src/../h/../h/list.h ****         head = head->next;
 360              		.loc 4 45 22
 361 0200 83378500 		ld	a5,8(a0)
 362              		.loc 4 45 9
 363 0204 17070000 		la	a4,_ZN9Scheduler5readyE
 363      03370700 
 364 020c 2330F700 		sd	a5,0(a4)
  46:src/../h/../h/list.h ****         if (!head)
 365              		.loc 4 46 9
 366 0210 6388070C 		beqz	a5,.L30
 367              	.L25:
  47:src/../h/../h/list.h ****             tail = 0;
  48:src/../h/../h/list.h ****         --size;
 368              		.loc 4 48 11
 369 0214 17070000 		la	a4,_ZN9Scheduler5readyE
 369      03370700 
 370 021c 83370701 		ld	a5,16(a4)
 371              		.loc 4 48 9
 372 0220 9387F7FF 		addi	a5,a5,-1
 373 0224 2338F700 		sd	a5,16(a4)
  49:src/../h/../h/list.h ****         T* ret = elem->data;
 374              		.loc 4 49 12
 375 0228 83340500 		ld	s1,0(a0)
 376              	.LVL31:
  50:src/../h/../h/list.h ****         delete elem;
 377              		.loc 4 50 9
GAS LISTING /tmp/cc4iNb1t.s 			page 11


 378 022c 97000000 		call	_ZdlPv@plt
 378      E7800000 
 379              	.LVL32:
 380              	.L24:
 381              	.LBE68:
 382              	.LBE67:
 383              	.LBE66:
  35:src/PCB.cpp   ****         // nema spremnih niti, ostaje trenutna
 384              		.loc 1 35 5 is_stmt 1
 385 0234 63860402 		beqz	s1,.L20
  40:src/PCB.cpp   ****     running->setState(RUNNING);
 386              		.loc 1 40 5
  40:src/PCB.cpp   ****     running->setState(RUNNING);
 387              		.loc 1 40 13 is_stmt 0
 388 0238 97070000 		lla	a5,.LANCHOR0
 388      93870700 
 389 0240 23B09700 		sd	s1,0(a5)
  41:src/PCB.cpp   ****     PCB::timeSliceCnt = 0;
 390              		.loc 1 41 5 is_stmt 1
 391              	.LVL33:
 392              	.LBB71:
 393              	.LBB72:
 394              		.loc 3 22 34
 395              		.loc 3 22 40 is_stmt 0
 396 0244 13072000 		li	a4,2
 397 0248 23A8E402 		sw	a4,48(s1)
 398              	.LVL34:
 399              	.LBE72:
 400              	.LBE71:
  42:src/PCB.cpp   ****     PCB::contextSwitch(&old->context, &running->context);
 401              		.loc 1 42 5 is_stmt 1
  42:src/PCB.cpp   ****     PCB::contextSwitch(&old->context, &running->context);
 402              		.loc 1 42 23 is_stmt 0
 403 024c 23B40700 		sd	zero,8(a5)
  43:src/PCB.cpp   **** }
 404              		.loc 1 43 5 is_stmt 1
  43:src/PCB.cpp   **** }
 405              		.loc 1 43 23 is_stmt 0
 406 0250 93858401 		addi	a1,s1,24
 407 0254 13058901 		addi	a0,s2,24
 408 0258 97000000 		call	_ZN3PCB13contextSwitchEPNS_7ContextES1_@plt
 408      E7800000 
 409              	.LVL35:
 410              	.L20:
  44:src/PCB.cpp   **** 
 411              		.loc 1 44 1
 412 0260 83308101 		ld	ra,24(sp)
 413              		.cfi_remember_state
 414              		.cfi_restore 1
 415 0264 03340101 		ld	s0,16(sp)
 416              		.cfi_restore 8
 417              		.cfi_def_cfa 2, 32
 418 0268 83348100 		ld	s1,8(sp)
 419              		.cfi_restore 9
 420              	.LVL36:
 421 026c 03390100 		ld	s2,0(sp)
 422              		.cfi_restore 18
GAS LISTING /tmp/cc4iNb1t.s 			page 12


 423              	.LVL37:
 424 0270 13010102 		addi	sp,sp,32
 425              		.cfi_def_cfa_offset 0
 426 0274 67800000 		jr	ra
 427              	.LVL38:
 428              	.L29:
 429              		.cfi_restore_state
  32:src/PCB.cpp   **** 
 430              		.loc 1 32 44 is_stmt 1
  28:src/../h/Scheduler.h ****         Scheduler::ready.addLast(pcb);
 431              		.loc 2 28 9
 432              	.LBB73:
 433              	.LBB74:
 434              	.LBB75:
 435              		.loc 3 22 34
 436              		.loc 3 22 40 is_stmt 0
 437 0278 93071000 		li	a5,1
 438 027c 2328F902 		sw	a5,48(s2)
 439              	.LVL39:
 440              	.LBE75:
 441              	.LBE74:
 442              	.LBE73:
 443              		.loc 2 29 9 is_stmt 1
 444              	.LBB80:
 445              	.LBB76:
 446              	.LBB77:
  33:src/../h/../h/list.h ****         if (tail) {
 447              		.loc 4 33 22 is_stmt 0
 448 0280 13050001 		li	a0,16
 449 0284 97000000 		call	_Znwm@plt
 449      E7800000 
 450              	.LVL40:
 451              	.LBB78:
 452              	.LBB79:
  15:src/../h/../h/list.h ****     };
 453              		.loc 4 15 54
 454 028c 23302501 		sd	s2,0(a0)
 455 0290 23340500 		sd	zero,8(a0)
 456              	.LVL41:
 457              	.LBE79:
 458              	.LBE78:
  34:src/../h/../h/list.h ****             tail->next = elem;
 459              		.loc 4 34 13
 460 0294 97070000 		la	a5,_ZN9Scheduler5readyE
 460      83B70700 
 461 029c 83B78700 		ld	a5,8(a5)
  34:src/../h/../h/list.h ****             tail->next = elem;
 462              		.loc 4 34 9
 463 02a0 63860702 		beqz	a5,.L22
  35:src/../h/../h/list.h ****             tail = elem;
 464              		.loc 4 35 13
 465 02a4 23B4A700 		sd	a0,8(a5)
  36:src/../h/../h/list.h ****         }
 466              		.loc 4 36 13
 467 02a8 97070000 		la	a5,_ZN9Scheduler5readyE
 467      83B70700 
 468 02b0 23B4A700 		sd	a0,8(a5)
GAS LISTING /tmp/cc4iNb1t.s 			page 13


 469              	.L23:
  40:src/../h/../h/list.h ****     }
 470              		.loc 4 40 11
 471 02b4 17070000 		la	a4,_ZN9Scheduler5readyE
 471      03370700 
 472 02bc 83370701 		ld	a5,16(a4)
  40:src/../h/../h/list.h ****     }
 473              		.loc 4 40 9
 474 02c0 93871700 		addi	a5,a5,1
 475 02c4 2338F700 		sd	a5,16(a4)
  41:src/../h/../h/list.h ****     T* remove_first() {
 476              		.loc 4 41 5
 477 02c8 6FF09FF2 		j	.L21
 478              	.L22:
  39:src/../h/../h/list.h ****         ++size;
 479              		.loc 4 39 13
 480 02cc 97070000 		la	a5,_ZN9Scheduler5readyE
 480      83B70700 
 481 02d4 23B4A700 		sd	a0,8(a5)
 482 02d8 23B0A700 		sd	a0,0(a5)
 483 02dc 6FF09FFD 		j	.L23
 484              	.LVL42:
 485              	.L30:
 486              	.LBE77:
 487              	.LBE76:
 488              	.LBE80:
 489              	.LBB81:
 490              	.LBB70:
 491              	.LBB69:
  47:src/../h/../h/list.h ****         --size;
 492              		.loc 4 47 13
 493 02e0 23340700 		sd	zero,8(a4)
 494 02e4 6FF01FF3 		j	.L25
 495              	.LVL43:
 496              	.L27:
  43:src/../h/../h/list.h ****         Elem* elem = head;
 497              		.loc 4 43 27
 498 02e8 93040500 		mv	s1,a0
 499 02ec 6FF09FF4 		j	.L24
 500              	.LBE69:
 501              	.LBE70:
 502              	.LBE81:
 503              		.cfi_endproc
 504              	.LFE44:
 506              		.globl	_ZN3PCB12timeSliceCntE
 507              		.globl	_ZN3PCB7runningE
 508              		.bss
 509              		.align	3
 510              		.set	.LANCHOR0,. + 0
 513              	_ZN3PCB7runningE:
 514 0000 00000000 		.zero	8
 514      00000000 
 517              	_ZN3PCB12timeSliceCntE:
 518 0008 00000000 		.zero	8
 518      00000000 
 519              		.text
 520              	.Letext0:
GAS LISTING /tmp/cc4iNb1t.s 			page 14


 521              		.file 5 "src/../h/../h/../lib/hw.h"
 522              		.file 6 "src/../h/../h/syscall_c.h"
 523              		.file 7 "src/../h/System.h"
 524              		.file 8 "src/../h/syscall_cpp.h"
 4183              		.align	3
 4186              	DW.ref.__gxx_personality_v0:
 4187 0000 00000000 		.dword	__gxx_personality_v0
 4187      00000000 
 4188              		.ident	"GCC: (Ubuntu 9.4.0-1ubuntu1~20.04) 9.4.0"
 4189              		.section	.note.GNU-stack,"",@progbits
GAS LISTING /tmp/cc4iNb1t.s 			page 15


DEFINED SYMBOLS
                            *ABS*:0000000000000000 PCB.cpp
     /tmp/cc4iNb1t.s:9      .text:0000000000000000 _ZN3PCB13threadWrapperEv
     /tmp/cc4iNb1t.s:13     .text:0000000000000000 .L0 
     /tmp/cc4iNb1t.s:14     .text:0000000000000000 .L0 
     /tmp/cc4iNb1t.s:15     .text:0000000000000004 .L0 
     /tmp/cc4iNb1t.s:18     .text:000000000000000c .L0 
     /tmp/cc4iNb1t.s:19     .text:000000000000000c .L0 
     /tmp/cc4iNb1t.s:21     .text:0000000000000010 .L0 
     /tmp/cc4iNb1t.s:23     .text:0000000000000010 .L0 
     /tmp/cc4iNb1t.s:24     .text:0000000000000010 .L0 
     /tmp/cc4iNb1t.s:27     .text:0000000000000018 .L0 
     /tmp/cc4iNb1t.s:28     .text:0000000000000018 .L0 
     /tmp/cc4iNb1t.s:31     .text:0000000000000024 .L0 
     /tmp/cc4iNb1t.s:35     .text:000000000000002c .L0 
     /tmp/cc4iNb1t.s:36     .text:000000000000002c .L0 
     /tmp/cc4iNb1t.s:39     .text:0000000000000034 .L0 
     /tmp/cc4iNb1t.s:40     .text:0000000000000038 .L0 
     /tmp/cc4iNb1t.s:42     .text:000000000000003c .L0 
     /tmp/cc4iNb1t.s:43     .text:000000000000003c .L0 
     /tmp/cc4iNb1t.s:45     .text:0000000000000040 .L0 
     /tmp/cc4iNb1t.s:47     .text:0000000000000044 .L0 
     /tmp/cc4iNb1t.s:53     .text:0000000000000044 _ZN3PCBC2EPFvPvES0_S0_
     /tmp/cc4iNb1t.s:56     .text:0000000000000044 .L0 
     /tmp/cc4iNb1t.s:58     .text:0000000000000044 .L0 
     /tmp/cc4iNb1t.s:59     .text:0000000000000048 .L0 
     /tmp/cc4iNb1t.s:63     .text:0000000000000054 .L0 
     /tmp/cc4iNb1t.s:64     .text:0000000000000054 .L0 
     /tmp/cc4iNb1t.s:65     .text:0000000000000054 .L0 
     /tmp/cc4iNb1t.s:67     .text:0000000000000058 .L0 
     /tmp/cc4iNb1t.s:71     .text:000000000000005c .L0 
     /tmp/cc4iNb1t.s:74     .text:0000000000000064 .L0 
     /tmp/cc4iNb1t.s:78     .text:0000000000000068 .L0 
     /tmp/cc4iNb1t.s:82     .text:0000000000000078 .L0 
     /tmp/cc4iNb1t.s:84     .text:000000000000007c .L0 
     /tmp/cc4iNb1t.s:88     .text:0000000000000084 .L0 
     /tmp/cc4iNb1t.s:93     .text:0000000000000094 .L0 
     /tmp/cc4iNb1t.s:98     .text:0000000000000098 .L0 
     /tmp/cc4iNb1t.s:104    .text:0000000000000098 .L0 
     /tmp/cc4iNb1t.s:105    .text:0000000000000098 .L0 
     /tmp/cc4iNb1t.s:106    .text:0000000000000098 .L0 
     /tmp/cc4iNb1t.s:119    .text:00000000000000a0 .L0 
     /tmp/cc4iNb1t.s:120    .text:00000000000000a0 .L0 
     /tmp/cc4iNb1t.s:127    .text:00000000000000ac .L0 
     /tmp/cc4iNb1t.s:133    .text:00000000000000b4 .L0 
     /tmp/cc4iNb1t.s:136    .text:00000000000000c0 .L0 
     /tmp/cc4iNb1t.s:138    .text:00000000000000c4 .L0 
     /tmp/cc4iNb1t.s:140    .text:00000000000000c8 .L0 
     /tmp/cc4iNb1t.s:144    .text:00000000000000d4 .L0 
     /tmp/cc4iNb1t.s:147    .text:00000000000000e0 .L0 
     /tmp/cc4iNb1t.s:156    .text:00000000000000e8 .L0 
     /tmp/cc4iNb1t.s:157    .text:00000000000000ec .L0 
     /tmp/cc4iNb1t.s:158    .text:00000000000000ec .L0 
     /tmp/cc4iNb1t.s:160    .text:00000000000000f0 .L0 
     /tmp/cc4iNb1t.s:161    .text:00000000000000f0 .L0 
     /tmp/cc4iNb1t.s:163    .text:00000000000000f4 .L0 
     /tmp/cc4iNb1t.s:166    .text:00000000000000f8 .L0 
GAS LISTING /tmp/cc4iNb1t.s 			page 16


     /tmp/cc4iNb1t.s:170    .text:00000000000000fc .L0 
     /tmp/cc4iNb1t.s:173    .text:00000000000000fc .L0 
     /tmp/cc4iNb1t.s:178    .text:0000000000000104 .L0 
     /tmp/cc4iNb1t.s:186    .text:000000000000010c .L0 
     /tmp/cc4iNb1t.s:196    .text:0000000000000120 .L0 
     /tmp/cc4iNb1t.s:197    .text:0000000000000120 .L0 
     /tmp/cc4iNb1t.s:201    .text:0000000000000128 .L0 
     /tmp/cc4iNb1t.s:202    .text:000000000000012c .L0 
     /tmp/cc4iNb1t.s:53     .text:0000000000000044 _ZN3PCBC1EPFvPvES0_S0_
     /tmp/cc4iNb1t.s:210    .text:000000000000012c _ZN3PCB9createPCBEPFvPvES0_S0_
     /tmp/cc4iNb1t.s:213    .text:000000000000012c .L0 
     /tmp/cc4iNb1t.s:4186   .data.rel.local.DW.ref.__gxx_personality_v0:0000000000000000 DW.ref.__gxx_personality_v0
     /tmp/cc4iNb1t.s:217    .text:000000000000012c .L0 
     /tmp/cc4iNb1t.s:218    .text:0000000000000130 .L0 
     /tmp/cc4iNb1t.s:225    .text:0000000000000148 .L0 
     /tmp/cc4iNb1t.s:226    .text:0000000000000148 .L0 
     /tmp/cc4iNb1t.s:227    .text:0000000000000148 .L0 
     /tmp/cc4iNb1t.s:228    .text:0000000000000148 .L0 
     /tmp/cc4iNb1t.s:229    .text:0000000000000148 .L0 
     /tmp/cc4iNb1t.s:230    .text:0000000000000148 .L0 
     /tmp/cc4iNb1t.s:232    .text:000000000000014c .L0 
     /tmp/cc4iNb1t.s:237    .text:0000000000000158 .L0 
     /tmp/cc4iNb1t.s:238    .text:0000000000000158 .L0 
     /tmp/cc4iNb1t.s:266    .text:000000000000019c .L0 
     /tmp/cc4iNb1t.s:268    .text:00000000000001a4 .L0 
     /tmp/cc4iNb1t.s:270    .text:00000000000001a8 .L0 
     /tmp/cc4iNb1t.s:271    .text:00000000000001a8 .L0 
     /tmp/cc4iNb1t.s:273    .text:00000000000001ac .L0 
     /tmp/cc4iNb1t.s:275    .text:00000000000001b0 .L0 
     /tmp/cc4iNb1t.s:278    .text:00000000000001b4 .L0 
     /tmp/cc4iNb1t.s:281    .text:00000000000001b8 .L0 
     /tmp/cc4iNb1t.s:284    .text:00000000000001bc .L0 
     /tmp/cc4iNb1t.s:286    .text:00000000000001c0 .L0 
     /tmp/cc4iNb1t.s:312    .text:00000000000001c0 _ZN3PCB8dispatchEv
     /tmp/cc4iNb1t.s:315    .text:00000000000001c0 .L0 
     /tmp/cc4iNb1t.s:316    .text:00000000000001c0 .L0 
     /tmp/cc4iNb1t.s:317    .text:00000000000001c4 .L0 
     /tmp/cc4iNb1t.s:322    .text:00000000000001d4 .L0 
     /tmp/cc4iNb1t.s:323    .text:00000000000001d4 .L0 
     /tmp/cc4iNb1t.s:324    .text:00000000000001d4 .L0 
     /tmp/cc4iNb1t.s:325    .text:00000000000001d4 .L0 
     /tmp/cc4iNb1t.s:327    .text:00000000000001d8 .L0 
     /tmp/cc4iNb1t.s:329    .text:00000000000001d8 .L0 
     /tmp/cc4iNb1t.s:330    .text:00000000000001d8 .L0 
     /tmp/cc4iNb1t.s:333    .text:00000000000001e0 .L0 
     /tmp/cc4iNb1t.s:334    .text:00000000000001e0 .L0 
     /tmp/cc4iNb1t.s:339    .text:00000000000001e4 .L0 
     /tmp/cc4iNb1t.s:340    .text:00000000000001e4 .L0 
     /tmp/cc4iNb1t.s:345    .text:00000000000001e8 .L0 
     /tmp/cc4iNb1t.s:349    .text:00000000000001f0 .L0 
     /tmp/cc4iNb1t.s:354    .text:00000000000001f0 .L0 
     /tmp/cc4iNb1t.s:355    .text:00000000000001f0 .L0 
     /tmp/cc4iNb1t.s:358    .text:00000000000001fc .L0 
     /tmp/cc4iNb1t.s:361    .text:0000000000000200 .L0 
     /tmp/cc4iNb1t.s:363    .text:0000000000000204 .L0 
     /tmp/cc4iNb1t.s:366    .text:0000000000000210 .L0 
     /tmp/cc4iNb1t.s:369    .text:0000000000000214 .L0 
GAS LISTING /tmp/cc4iNb1t.s 			page 17


     /tmp/cc4iNb1t.s:372    .text:0000000000000220 .L0 
     /tmp/cc4iNb1t.s:375    .text:0000000000000228 .L0 
     /tmp/cc4iNb1t.s:378    .text:000000000000022c .L0 
     /tmp/cc4iNb1t.s:385    .text:0000000000000234 .L0 
     /tmp/cc4iNb1t.s:387    .text:0000000000000238 .L0 
     /tmp/cc4iNb1t.s:388    .text:0000000000000238 .L0 
     /tmp/cc4iNb1t.s:394    .text:0000000000000244 .L0 
     /tmp/cc4iNb1t.s:395    .text:0000000000000244 .L0 
     /tmp/cc4iNb1t.s:396    .text:0000000000000244 .L0 
     /tmp/cc4iNb1t.s:402    .text:000000000000024c .L0 
     /tmp/cc4iNb1t.s:403    .text:000000000000024c .L0 
     /tmp/cc4iNb1t.s:405    .text:0000000000000250 .L0 
     /tmp/cc4iNb1t.s:406    .text:0000000000000250 .L0 
     /tmp/cc4iNb1t.s:412    .text:0000000000000260 .L0 
     /tmp/cc4iNb1t.s:413    .text:0000000000000264 .L0 
     /tmp/cc4iNb1t.s:414    .text:0000000000000264 .L0 
     /tmp/cc4iNb1t.s:416    .text:0000000000000268 .L0 
     /tmp/cc4iNb1t.s:417    .text:0000000000000268 .L0 
     /tmp/cc4iNb1t.s:419    .text:000000000000026c .L0 
     /tmp/cc4iNb1t.s:422    .text:0000000000000270 .L0 
     /tmp/cc4iNb1t.s:425    .text:0000000000000274 .L0 
     /tmp/cc4iNb1t.s:429    .text:0000000000000278 .L0 
     /tmp/cc4iNb1t.s:431    .text:0000000000000278 .L0 
     /tmp/cc4iNb1t.s:435    .text:0000000000000278 .L0 
     /tmp/cc4iNb1t.s:436    .text:0000000000000278 .L0 
     /tmp/cc4iNb1t.s:437    .text:0000000000000278 .L0 
     /tmp/cc4iNb1t.s:447    .text:0000000000000280 .L0 
     /tmp/cc4iNb1t.s:448    .text:0000000000000280 .L0 
     /tmp/cc4iNb1t.s:454    .text:000000000000028c .L0 
     /tmp/cc4iNb1t.s:460    .text:0000000000000294 .L0 
     /tmp/cc4iNb1t.s:463    .text:00000000000002a0 .L0 
     /tmp/cc4iNb1t.s:465    .text:00000000000002a4 .L0 
     /tmp/cc4iNb1t.s:467    .text:00000000000002a8 .L0 
     /tmp/cc4iNb1t.s:471    .text:00000000000002b4 .L0 
     /tmp/cc4iNb1t.s:474    .text:00000000000002c0 .L0 
     /tmp/cc4iNb1t.s:477    .text:00000000000002c8 .L0 
     /tmp/cc4iNb1t.s:480    .text:00000000000002cc .L0 
     /tmp/cc4iNb1t.s:493    .text:00000000000002e0 .L0 
     /tmp/cc4iNb1t.s:498    .text:00000000000002e8 .L0 
     /tmp/cc4iNb1t.s:503    .text:00000000000002f0 .L0 
     /tmp/cc4iNb1t.s:517    .bss:0000000000000008 _ZN3PCB12timeSliceCntE
     /tmp/cc4iNb1t.s:513    .bss:0000000000000000 _ZN3PCB7runningE
     /tmp/cc4iNb1t.s:510    .bss:0000000000000000 .LANCHOR0
     /tmp/cc4iNb1t.s:525    .text:00000000000002f0 .L0 
     /tmp/cc4iNb1t.s:28     .text:0000000000000018 .L0 
     /tmp/cc4iNb1t.s:79     .text:000000000000006c .L0 
     /tmp/cc4iNb1t.s:133    .text:00000000000000b4 .L0 
     /tmp/cc4iNb1t.s:140    .text:00000000000000c8 .L0 
     /tmp/cc4iNb1t.s:144    .text:00000000000000d4 .L0 
     /tmp/cc4iNb1t.s:186    .text:000000000000010c .L0 
     /tmp/cc4iNb1t.s:330    .text:00000000000001d8 .L0 
     /tmp/cc4iNb1t.s:355    .text:00000000000001f0 .L0 
     /tmp/cc4iNb1t.s:363    .text:0000000000000204 .L0 
     /tmp/cc4iNb1t.s:369    .text:0000000000000214 .L0 
     /tmp/cc4iNb1t.s:388    .text:0000000000000238 .L0 
     /tmp/cc4iNb1t.s:460    .text:0000000000000294 .L0 
     /tmp/cc4iNb1t.s:467    .text:00000000000002a8 .L0 
GAS LISTING /tmp/cc4iNb1t.s 			page 18


     /tmp/cc4iNb1t.s:471    .text:00000000000002b4 .L0 
     /tmp/cc4iNb1t.s:480    .text:00000000000002cc .L0 
     /tmp/cc4iNb1t.s:169    .text:00000000000000fc .L13
     /tmp/cc4iNb1t.s:176    .text:0000000000000104 .L11
     /tmp/cc4iNb1t.s:191    .text:0000000000000120 .L6
     /tmp/cc4iNb1t.s:181    .text:000000000000010c .L7
     /tmp/cc4iNb1t.s:76     .text:0000000000000068 .L4
     /tmp/cc4iNb1t.s:86     .text:0000000000000084 .L5
     /tmp/cc4iNb1t.s:142    .text:00000000000000d4 .L8
     /tmp/cc4iNb1t.s:150    .text:00000000000000e8 .L3
     /tmp/cc4iNb1t.s:264    .text:000000000000019c .L19
     /tmp/cc4iNb1t.s:347    .text:00000000000001f0 .L21
     /tmp/cc4iNb1t.s:428    .text:0000000000000278 .L29
     /tmp/cc4iNb1t.s:496    .text:00000000000002e8 .L27
     /tmp/cc4iNb1t.s:485    .text:00000000000002e0 .L30
     /tmp/cc4iNb1t.s:410    .text:0000000000000260 .L20
     /tmp/cc4iNb1t.s:478    .text:00000000000002cc .L22
     /tmp/cc4iNb1t.s:469    .text:00000000000002b4 .L23
     /tmp/cc4iNb1t.s:367    .text:0000000000000214 .L25
     /tmp/cc4iNb1t.s:380    .text:0000000000000234 .L24
     /tmp/cc4iNb1t.s:240    .text:000000000000015c .LEHB0
     /tmp/cc4iNb1t.s:211    .text:000000000000012c .LFB40
     /tmp/cc4iNb1t.s:243    .text:0000000000000164 .LEHE0
     /tmp/cc4iNb1t.s:248    .text:0000000000000174 .LEHB1
     /tmp/cc4iNb1t.s:251    .text:000000000000017c .LEHE1
     /tmp/cc4iNb1t.s:253    .text:0000000000000180 .L16
     /tmp/cc4iNb1t.s:260    .text:0000000000000194 .LEHB2
     /tmp/cc4iNb1t.s:263    .text:000000000000019c .LEHE2
     /tmp/cc4iNb1t.s:2141   .debug_abbrev:0000000000000000 .Ldebug_abbrev0
     /tmp/cc4iNb1t.s:4114   .debug_str:0000000000000831 .LASF153
     /tmp/cc4iNb1t.s:4126   .debug_str:0000000000000931 .LASF154
     /tmp/cc4iNb1t.s:3968   .debug_str:00000000000003d1 .LASF155
     /tmp/cc4iNb1t.s:5      .text:0000000000000000 .Ltext0
     /tmp/cc4iNb1t.s:520    .text:00000000000002f0 .Letext0
     /tmp/cc4iNb1t.s:3840   .debug_line:0000000000000000 .Ldebug_line0
     /tmp/cc4iNb1t.s:3962   .debug_str:00000000000003ab .LASF0
     /tmp/cc4iNb1t.s:3982   .debug_str:0000000000000456 .LASF1
     /tmp/cc4iNb1t.s:4056   .debug_str:00000000000006c3 .LASF2
     /tmp/cc4iNb1t.s:3926   .debug_str:00000000000002b9 .LASF3
     /tmp/cc4iNb1t.s:4066   .debug_str:0000000000000705 .LASF4
     /tmp/cc4iNb1t.s:3970   .debug_str:0000000000000400 .LASF5
     /tmp/cc4iNb1t.s:3846   .debug_str:0000000000000017 .LASF6
     /tmp/cc4iNb1t.s:4036   .debug_str:0000000000000607 .LASF7
     /tmp/cc4iNb1t.s:3974   .debug_str:0000000000000426 .LASF8
     /tmp/cc4iNb1t.s:3940   .debug_str:000000000000030f .LASF9
     /tmp/cc4iNb1t.s:3946   .debug_str:000000000000034c .LASF10
     /tmp/cc4iNb1t.s:3882   .debug_str:000000000000017a .LASF11
     /tmp/cc4iNb1t.s:3932   .debug_str:00000000000002d9 .LASF12
     /tmp/cc4iNb1t.s:3898   .debug_str:00000000000001d7 .LASF13
     /tmp/cc4iNb1t.s:3880   .debug_str:000000000000016a .LASF14
     /tmp/cc4iNb1t.s:4096   .debug_str:00000000000007c2 .LASF15
     /tmp/cc4iNb1t.s:3924   .debug_str:00000000000002a3 .LASF16
     /tmp/cc4iNb1t.s:4086   .debug_str:0000000000000779 .LASF17
     /tmp/cc4iNb1t.s:4178   .debug_str:0000000000000ab1 .LASF18
     /tmp/cc4iNb1t.s:4100   .debug_str:00000000000007d6 .LASF19
     /tmp/cc4iNb1t.s:3988   .debug_str:0000000000000484 .LASF20
     /tmp/cc4iNb1t.s:4010   .debug_str:0000000000000533 .LASF21
GAS LISTING /tmp/cc4iNb1t.s 			page 19


     /tmp/cc4iNb1t.s:4128   .debug_str:000000000000093d .LASF22
     /tmp/cc4iNb1t.s:4116   .debug_str:00000000000008f5 .LASF23
     /tmp/cc4iNb1t.s:3870   .debug_str:000000000000011f .LASF24
     /tmp/cc4iNb1t.s:3964   .debug_str:00000000000003b8 .LASF25
     /tmp/cc4iNb1t.s:3890   .debug_str:00000000000001ae .LASF26
     /tmp/cc4iNb1t.s:4078   .debug_str:0000000000000749 .LASF27
     /tmp/cc4iNb1t.s:3918   .debug_str:000000000000026d .LASF28
     /tmp/cc4iNb1t.s:3976   .debug_str:0000000000000439 .LASF29
     /tmp/cc4iNb1t.s:4136   .debug_str:000000000000097e .LASF30
     /tmp/cc4iNb1t.s:4176   .debug_str:0000000000000aa4 .LASF31
     /tmp/cc4iNb1t.s:4098   .debug_str:00000000000007ce .LASF119
     /tmp/cc4iNb1t.s:4072   .debug_str:000000000000071d .LASF32
     /tmp/cc4iNb1t.s:4034   .debug_str:00000000000005e8 .LASF34
     /tmp/cc4iNb1t.s:4090   .debug_str:00000000000007a0 .LASF156
     /tmp/cc4iNb1t.s:3980   .debug_str:0000000000000451 .LASF33
     /tmp/cc4iNb1t.s:4166   .debug_str:0000000000000a72 .LASF35
     /tmp/cc4iNb1t.s:4070   .debug_str:0000000000000714 .LASF38
     /tmp/cc4iNb1t.s:4082   .debug_str:0000000000000760 .LASF40
     /tmp/cc4iNb1t.s:4062   .debug_str:00000000000006e8 .LASF36
     /tmp/cc4iNb1t.s:4140   .debug_str:00000000000009a2 .LASF37
     /tmp/cc4iNb1t.s:3990   .debug_str:000000000000049f .LASF39
     /tmp/cc4iNb1t.s:3902   .debug_str:00000000000001ef .LASF41
     /tmp/cc4iNb1t.s:4112   .debug_str:0000000000000829 .LASF157
     /tmp/cc4iNb1t.s:4138   .debug_str:000000000000098b .LASF131
     /tmp/cc4iNb1t.s:3922   .debug_str:000000000000029d .LASF42
     /tmp/cc4iNb1t.s:4130   .debug_str:0000000000000953 .LASF43
     /tmp/cc4iNb1t.s:4080   .debug_str:000000000000075a .LASF44
     /tmp/cc4iNb1t.s:4122   .debug_str:0000000000000920 .LASF45
     /tmp/cc4iNb1t.s:4118   .debug_str:0000000000000909 .LASF46
     /tmp/cc4iNb1t.s:3916   .debug_str:0000000000000267 .LASF47
     /tmp/cc4iNb1t.s:4032   .debug_str:00000000000005d0 .LASF48
     /tmp/cc4iNb1t.s:4060   .debug_str:00000000000006db .LASF103
     /tmp/cc4iNb1t.s:3872   .debug_str:0000000000000137 .LASF49
     /tmp/cc4iNb1t.s:3856   .debug_str:0000000000000076 .LASF51
     /tmp/cc4iNb1t.s:3912   .debug_str:0000000000000245 .LASF50
     /tmp/cc4iNb1t.s:3850   .debug_str:0000000000000036 .LASF52
     /tmp/cc4iNb1t.s:3906   .debug_str:000000000000020d .LASF158
     /tmp/cc4iNb1t.s:3858   .debug_str:000000000000008f .LASF159
     /tmp/cc4iNb1t.s:4102   .debug_str:00000000000007e7 .LASF53
     /tmp/cc4iNb1t.s:4108   .debug_str:000000000000080c .LASF160
     /tmp/cc4iNb1t.s:4046   .debug_str:000000000000066d .LASF54
     /tmp/cc4iNb1t.s:3874   .debug_str:0000000000000145 .LASF55
     /tmp/cc4iNb1t.s:4074   .debug_str:0000000000000727 .LASF56
     /tmp/cc4iNb1t.s:3994   .debug_str:00000000000004b5 .LASF57
     /tmp/cc4iNb1t.s:3886   .debug_str:000000000000018e .LASF58
     /tmp/cc4iNb1t.s:4124   .debug_str:0000000000000928 .LASF59
     /tmp/cc4iNb1t.s:4050   .debug_str:0000000000000697 .LASF60
     /tmp/cc4iNb1t.s:3842   .debug_str:0000000000000000 .LASF61
     /tmp/cc4iNb1t.s:3868   .debug_str:0000000000000115 .LASF62
     /tmp/cc4iNb1t.s:4042   .debug_str:0000000000000641 .LASF64
     /tmp/cc4iNb1t.s:4104   .debug_str:00000000000007ec .LASF63
     /tmp/cc4iNb1t.s:4094   .debug_str:00000000000007ab .LASF65
     /tmp/cc4iNb1t.s:4016   .debug_str:000000000000057b .LASF72
     /tmp/cc4iNb1t.s:3854   .debug_str:000000000000005f .LASF74
     /tmp/cc4iNb1t.s:4022   .debug_str:0000000000000594 .LASF66
     /tmp/cc4iNb1t.s:3888   .debug_str:0000000000000197 .LASF68
     /tmp/cc4iNb1t.s:4018   .debug_str:0000000000000585 .LASF67
GAS LISTING /tmp/cc4iNb1t.s 			page 20


     /tmp/cc4iNb1t.s:4132   .debug_str:0000000000000958 .LASF69
     /tmp/cc4iNb1t.s:4002   .debug_str:00000000000004f2 .LASF70
     /tmp/cc4iNb1t.s:4110   .debug_str:0000000000000812 .LASF71
     /tmp/cc4iNb1t.s:4154   .debug_str:0000000000000a18 .LASF73
     /tmp/cc4iNb1t.s:4012   .debug_str:0000000000000551 .LASF75
     /tmp/cc4iNb1t.s:4162   .debug_str:0000000000000a57 .LASF76
     /tmp/cc4iNb1t.s:4038   .debug_str:000000000000061a .LASF77
     /tmp/cc4iNb1t.s:4156   .debug_str:0000000000000a1e .LASF78
     /tmp/cc4iNb1t.s:3948   .debug_str:000000000000035a .LASF79
     /tmp/cc4iNb1t.s:4146   .debug_str:00000000000009e8 .LASF80
     /tmp/cc4iNb1t.s:3910   .debug_str:0000000000000232 .LASF81
     /tmp/cc4iNb1t.s:4170   .debug_str:0000000000000a89 .LASF82
     /tmp/cc4iNb1t.s:4040   .debug_str:000000000000062d .LASF83
     /tmp/cc4iNb1t.s:4174   .debug_str:0000000000000a9d .LASF84
     /tmp/cc4iNb1t.s:4064   .debug_str:00000000000006f1 .LASF85
     /tmp/cc4iNb1t.s:3960   .debug_str:00000000000003a3 .LASF86
     /tmp/cc4iNb1t.s:3956   .debug_str:0000000000000386 .LASF87
     /tmp/cc4iNb1t.s:3966   .debug_str:00000000000003c9 .LASF88
     /tmp/cc4iNb1t.s:3984   .debug_str:0000000000000469 .LASF89
     /tmp/cc4iNb1t.s:3900   .debug_str:00000000000001e7 .LASF90
     /tmp/cc4iNb1t.s:3942   .debug_str:000000000000031f .LASF91
     /tmp/cc4iNb1t.s:3896   .debug_str:00000000000001cf .LASF92
     /tmp/cc4iNb1t.s:4044   .debug_str:0000000000000658 .LASF93
     /tmp/cc4iNb1t.s:4024   .debug_str:000000000000059e .LASF94
     /tmp/cc4iNb1t.s:4106   .debug_str:00000000000007f6 .LASF95
     /tmp/cc4iNb1t.s:4026   .debug_str:00000000000005a7 .LASF96
     /tmp/cc4iNb1t.s:3852   .debug_str:0000000000000049 .LASF97
     /tmp/cc4iNb1t.s:4144   .debug_str:00000000000009d9 .LASF98
     /tmp/cc4iNb1t.s:3862   .debug_str:00000000000000ce .LASF99
     /tmp/cc4iNb1t.s:4054   .debug_str:00000000000006b8 .LASF100
     /tmp/cc4iNb1t.s:3864   .debug_str:00000000000000eb .LASF101
     /tmp/cc4iNb1t.s:3938   .debug_str:0000000000000305 .LASF102
     /tmp/cc4iNb1t.s:3894   .debug_str:00000000000001c9 .LASF104
     /tmp/cc4iNb1t.s:3986   .debug_str:000000000000047e .LASF105
     /tmp/cc4iNb1t.s:4152   .debug_str:0000000000000a06 .LASF106
     /tmp/cc4iNb1t.s:3876   .debug_str:000000000000014b .LASF107
     /tmp/cc4iNb1t.s:4058   .debug_str:00000000000006d1 .LASF108
     /tmp/cc4iNb1t.s:4164   .debug_str:0000000000000a5d .LASF109
     /tmp/cc4iNb1t.s:3972   .debug_str:0000000000000412 .LASF110
     /tmp/cc4iNb1t.s:3928   .debug_str:00000000000002bf .LASF111
     /tmp/cc4iNb1t.s:3892   .debug_str:00000000000001c0 .LASF112
     /tmp/cc4iNb1t.s:3914   .debug_str:000000000000024e .LASF113
     /tmp/cc4iNb1t.s:4160   .debug_str:0000000000000a43 .LASF161
     /tmp/cc4iNb1t.s:3848   .debug_str:000000000000001e .LASF162
     /tmp/cc4iNb1t.s:3992   .debug_str:00000000000004ac .LASF114
     /tmp/cc4iNb1t.s:4000   .debug_str:00000000000004d5 .LASF115
     /tmp/cc4iNb1t.s:3952   .debug_str:0000000000000377 .LASF116
     /tmp/cc4iNb1t.s:4030   .debug_str:00000000000005b7 .LASF117
     /tmp/cc4iNb1t.s:3878   .debug_str:0000000000000160 .LASF118
     /tmp/cc4iNb1t.s:3904   .debug_str:0000000000000208 .LASF120
     /tmp/cc4iNb1t.s:3978   .debug_str:000000000000044c .LASF121
     /tmp/cc4iNb1t.s:3884   .debug_str:0000000000000189 .LASF122
     /tmp/cc4iNb1t.s:4158   .debug_str:0000000000000a24 .LASF163
     /tmp/cc4iNb1t.s:4092   .debug_str:00000000000007a6 .LASF123
     /tmp/cc4iNb1t.s:4020   .debug_str:000000000000058f .LASF124
     /tmp/cc4iNb1t.s:4150   .debug_str:0000000000000a01 .LASF125
     /tmp/cc4iNb1t.s:4008   .debug_str:000000000000052e .LASF126
GAS LISTING /tmp/cc4iNb1t.s 			page 21


     /tmp/cc4iNb1t.s:4148   .debug_str:00000000000009ee .LASF127
     /tmp/cc4iNb1t.s:3860   .debug_str:00000000000000b7 .LASF128
     /tmp/cc4iNb1t.s:4004   .debug_str:00000000000004fc .LASF164
     /tmp/cc4iNb1t.s:4068   .debug_str:000000000000070c .LASF129
     /tmp/cc4iNb1t.s:4076   .debug_str:000000000000072f .LASF130
     /tmp/cc4iNb1t.s:3934   .debug_str:00000000000002e8 .LASF132
     /tmp/cc4iNb1t.s:3958   .debug_str:000000000000039b .LASF133
     /tmp/cc4iNb1t.s:4052   .debug_str:000000000000069c .LASF134
     /tmp/cc4iNb1t.s:4120   .debug_str:0000000000000913 .LASF135
     /tmp/cc4iNb1t.s:4142   .debug_str:00000000000009ba .LASF136
     /tmp/cc4iNb1t.s:3950   .debug_str:000000000000036d .LASF137
     /tmp/cc4iNb1t.s:4006   .debug_str:0000000000000513 .LASF138
     /tmp/cc4iNb1t.s:4168   .debug_str:0000000000000a7e .LASF139
     /tmp/cc4iNb1t.s:3920   .debug_str:0000000000000280 .LASF140
     /tmp/cc4iNb1t.s:3866   .debug_str:0000000000000104 .LASF141
     /tmp/cc4iNb1t.s:3908   .debug_str:000000000000021b .LASF142
     /tmp/cc4iNb1t.s:3936   .debug_str:0000000000000300 .LASF143
     /tmp/cc4iNb1t.s:4048   .debug_str:0000000000000678 .LASF165
     /tmp/cc4iNb1t.s:4084   .debug_str:0000000000000774 .LASF144
     /tmp/cc4iNb1t.s:10     .text:0000000000000000 .LFB45
     /tmp/cc4iNb1t.s:48     .text:0000000000000044 .LFE45
     /tmp/cc4iNb1t.s:25     .text:0000000000000018 .LVL0
     /tmp/cc4iNb1t.s:37     .text:0000000000000034 .LVL2
     /tmp/cc4iNb1t.s:313    .text:00000000000001c0 .LFB44
     /tmp/cc4iNb1t.s:504    .text:00000000000002f0 .LFE44
     /tmp/cc4iNb1t.s:3441   .debug_loc:0000000000000000 .LLST15
     /tmp/cc4iNb1t.s:3452   .debug_loc:0000000000000036 .LLST16
     /tmp/cc4iNb1t.s:336    .text:00000000000001e4 .LBB64
     /tmp/cc4iNb1t.s:343    .text:00000000000001e8 .LBE64
     /tmp/cc4iNb1t.s:3459   .debug_loc:0000000000000059 .LLST17
     /tmp/cc4iNb1t.s:351    .text:00000000000001f0 .LBB66
     /tmp/cc4iNb1t.s:3818   .debug_ranges:0000000000000000 .Ldebug_ranges0
     /tmp/cc4iNb1t.s:352    .text:00000000000001f0 .LBB67
     /tmp/cc4iNb1t.s:3466   .debug_loc:000000000000007c .LLST18
     /tmp/cc4iNb1t.s:3477   .debug_loc:00000000000000b2 .LLST19
     /tmp/cc4iNb1t.s:379    .text:0000000000000234 .LVL32
     /tmp/cc4iNb1t.s:392    .text:0000000000000244 .LBB71
     /tmp/cc4iNb1t.s:400    .text:000000000000024c .LBE71
     /tmp/cc4iNb1t.s:3484   .debug_loc:00000000000000d5 .LLST20
     /tmp/cc4iNb1t.s:3492   .debug_loc:00000000000000f9 .LLST21
     /tmp/cc4iNb1t.s:432    .text:0000000000000278 .LBB73
     /tmp/cc4iNb1t.s:3499   .debug_loc:000000000000011c .LLST22
     /tmp/cc4iNb1t.s:433    .text:0000000000000278 .LBB74
     /tmp/cc4iNb1t.s:441    .text:0000000000000280 .LBE74
     /tmp/cc4iNb1t.s:3506   .debug_loc:000000000000013f .LLST23
     /tmp/cc4iNb1t.s:3514   .debug_loc:0000000000000163 .LLST24
     /tmp/cc4iNb1t.s:445    .text:0000000000000280 .LBB76
     /tmp/cc4iNb1t.s:487    .text:00000000000002e0 .LBE76
     /tmp/cc4iNb1t.s:3521   .debug_loc:0000000000000186 .LLST25
     /tmp/cc4iNb1t.s:3528   .debug_loc:00000000000001a9 .LLST26
     /tmp/cc4iNb1t.s:451    .text:000000000000028c .LBB78
     /tmp/cc4iNb1t.s:458    .text:0000000000000294 .LBE78
     /tmp/cc4iNb1t.s:3535   .debug_loc:00000000000001cc .LLST27
     /tmp/cc4iNb1t.s:3543   .debug_loc:00000000000001f0 .LLST28
     /tmp/cc4iNb1t.s:3550   .debug_loc:0000000000000213 .LLST29
     /tmp/cc4iNb1t.s:450    .text:000000000000028c .LVL40
     /tmp/cc4iNb1t.s:409    .text:0000000000000260 .LVL35
GAS LISTING /tmp/cc4iNb1t.s 			page 22


     /tmp/cc4iNb1t.s:3996   .debug_str:00000000000004bd .LASF145
     /tmp/cc4iNb1t.s:4014   .debug_str:0000000000000564 .LASF166
     /tmp/cc4iNb1t.s:54     .text:0000000000000044 .LFB42
     /tmp/cc4iNb1t.s:203    .text:000000000000012c .LFE42
     /tmp/cc4iNb1t.s:3557   .debug_loc:0000000000000236 .LLST0
     /tmp/cc4iNb1t.s:3579   .debug_loc:0000000000000295 .LLST1
     /tmp/cc4iNb1t.s:3608   .debug_loc:000000000000030a .LLST2
     /tmp/cc4iNb1t.s:3637   .debug_loc:000000000000037f .LLST3
     /tmp/cc4iNb1t.s:100    .text:0000000000000098 .LBB33
     /tmp/cc4iNb1t.s:3662   .debug_loc:00000000000003e1 .LLST4
     /tmp/cc4iNb1t.s:101    .text:0000000000000098 .LBB34
     /tmp/cc4iNb1t.s:110    .text:00000000000000a0 .LBE34
     /tmp/cc4iNb1t.s:3677   .debug_loc:000000000000042a .LLST5
     /tmp/cc4iNb1t.s:3685   .debug_loc:000000000000044e .LLST6
     /tmp/cc4iNb1t.s:116    .text:00000000000000a0 .LBB36
     /tmp/cc4iNb1t.s:3692   .debug_loc:0000000000000471 .LLST7
     /tmp/cc4iNb1t.s:3707   .debug_loc:00000000000004ba .LLST8
     /tmp/cc4iNb1t.s:124    .text:00000000000000ac .LBB38
     /tmp/cc4iNb1t.s:131    .text:00000000000000b4 .LBE38
     /tmp/cc4iNb1t.s:3718   .debug_loc:00000000000004f0 .LLST9
     /tmp/cc4iNb1t.s:3726   .debug_loc:0000000000000514 .LLST10
     /tmp/cc4iNb1t.s:3733   .debug_loc:0000000000000537 .LLST11
     /tmp/cc4iNb1t.s:123    .text:00000000000000ac .LVL8
     /tmp/cc4iNb1t.s:287    .text:00000000000001c0 .LFE40
     /tmp/cc4iNb1t.s:3740   .debug_loc:000000000000055a .LLST12
     /tmp/cc4iNb1t.s:3769   .debug_loc:00000000000005cf .LLST13
     /tmp/cc4iNb1t.s:3787   .debug_loc:000000000000061b .LLST14
     /tmp/cc4iNb1t.s:242    .text:0000000000000164 .LVL18
     /tmp/cc4iNb1t.s:250    .text:000000000000017c .LVL19
     /tmp/cc4iNb1t.s:258    .text:0000000000000190 .LVL21
     /tmp/cc4iNb1t.s:262    .text:000000000000019c .LVL22
     /tmp/cc4iNb1t.s:3954   .debug_str:0000000000000380 .LASF146
     /tmp/cc4iNb1t.s:4088   .debug_str:000000000000078f .LASF147
     /tmp/cc4iNb1t.s:3998   .debug_str:00000000000004c9 .LASF149
     /tmp/cc4iNb1t.s:4028   .debug_str:00000000000005b0 .LASF148
     /tmp/cc4iNb1t.s:3844   .debug_str:0000000000000007 .LASF150
     /tmp/cc4iNb1t.s:3930   .debug_str:00000000000002d3 .LASF151
     /tmp/cc4iNb1t.s:4172   .debug_str:0000000000000a90 .LASF152
     /tmp/cc4iNb1t.s:4134   .debug_str:000000000000096f .LASF167
     /tmp/cc4iNb1t.s:3944   .debug_str:0000000000000334 .LASF168
     /tmp/cc4iNb1t.s:331    .text:00000000000001e0 .LVL26
     /tmp/cc4iNb1t.s:423    .text:0000000000000270 .LVL37
     /tmp/cc4iNb1t.s:427    .text:0000000000000278 .LVL38
     /tmp/cc4iNb1t.s:420    .text:000000000000026c .LVL36
     /tmp/cc4iNb1t.s:335    .text:00000000000001e4 .LVL27
     /tmp/cc4iNb1t.s:341    .text:00000000000001e8 .LVL28
     /tmp/cc4iNb1t.s:359    .text:0000000000000200 .LVL30
     /tmp/cc4iNb1t.s:484    .text:00000000000002e0 .LVL42
     /tmp/cc4iNb1t.s:495    .text:00000000000002e8 .LVL43
     /tmp/cc4iNb1t.s:376    .text:000000000000022c .LVL31
     /tmp/cc4iNb1t.s:391    .text:0000000000000244 .LVL33
     /tmp/cc4iNb1t.s:398    .text:000000000000024c .LVL34
     /tmp/cc4iNb1t.s:439    .text:0000000000000280 .LVL39
     /tmp/cc4iNb1t.s:456    .text:0000000000000294 .LVL41
     /tmp/cc4iNb1t.s:57     .text:0000000000000044 .LVL3
     /tmp/cc4iNb1t.s:121    .text:00000000000000a4 .LVL7
     /tmp/cc4iNb1t.s:164    .text:00000000000000f4 .LVL11
GAS LISTING /tmp/cc4iNb1t.s 			page 23


     /tmp/cc4iNb1t.s:168    .text:00000000000000fc .LVL12
     /tmp/cc4iNb1t.s:180    .text:000000000000010c .LVL14
     /tmp/cc4iNb1t.s:190    .text:0000000000000120 .LVL15
     /tmp/cc4iNb1t.s:75     .text:0000000000000068 .LVL4
     /tmp/cc4iNb1t.s:174    .text:0000000000000100 .LVL13
     /tmp/cc4iNb1t.s:95     .text:0000000000000098 .LVL5
     /tmp/cc4iNb1t.s:149    .text:00000000000000e8 .LVL10
     /tmp/cc4iNb1t.s:108    .text:00000000000000a0 .LVL6
     /tmp/cc4iNb1t.s:129    .text:00000000000000b4 .LVL9
     /tmp/cc4iNb1t.s:216    .text:000000000000012c .LVL16
     /tmp/cc4iNb1t.s:239    .text:000000000000015c .LVL17
     /tmp/cc4iNb1t.s:255    .text:0000000000000184 .LVL20
     /tmp/cc4iNb1t.s:276    .text:00000000000001b0 .LVL23
     /tmp/cc4iNb1t.s:279    .text:00000000000001b4 .LVL24
     /tmp/cc4iNb1t.s:282    .text:00000000000001b8 .LVL25
     /tmp/cc4iNb1t.s:526    .debug_info:0000000000000000 .Ldebug_info0
     /tmp/cc4iNb1t.s:111    .text:00000000000000a0 .LBE33
     /tmp/cc4iNb1t.s:115    .text:00000000000000a0 .LBB42
     /tmp/cc4iNb1t.s:153    .text:00000000000000e8 .LBE42
     /tmp/cc4iNb1t.s:182    .text:000000000000010c .LBB43
     /tmp/cc4iNb1t.s:194    .text:0000000000000120 .LBE43
     /tmp/cc4iNb1t.s:383    .text:0000000000000234 .LBE66
     /tmp/cc4iNb1t.s:489    .text:00000000000002e0 .LBB81
     /tmp/cc4iNb1t.s:502    .text:00000000000002f0 .LBE81
     /tmp/cc4iNb1t.s:442    .text:0000000000000280 .LBE73
     /tmp/cc4iNb1t.s:444    .text:0000000000000280 .LBB80
     /tmp/cc4iNb1t.s:488    .text:00000000000002e0 .LBE80
     /tmp/cc4iNb1t.s:290    .gcc_except_table:0000000000000000 .LLSDA40

UNDEFINED SYMBOLS
_ZN6System9popSppSieEv
_Z11thread_exitv
_Znwm
_ZN9Scheduler5readyE
_ZdlPv
_Unwind_Resume
__gxx_personality_v0
_ZN3PCB13contextSwitchEPNS_7ContextES1_
