GAS LISTING /tmp/cc50aRM5.s 			page 1


   1              		.file	"Semaphore.cpp"
   2              		.option pic
   3              		.option norelax
   4              		.text
   5              	.Ltext0:
   6              		.align	2
   7              		.globl	_ZN9semaphore15createSemaphoreEj
   9              	_ZN9semaphore15createSemaphoreEj:
  10              	.LFB29:
  11              		.file 1 "src/Semaphore.cpp"
   1:src/Semaphore.cpp **** //
   2:src/Semaphore.cpp **** // Created by os on 10/18/25.
   3:src/Semaphore.cpp **** //
   4:src/Semaphore.cpp **** 
   5:src/Semaphore.cpp **** #include "../h/Semaphore.h"
   6:src/Semaphore.cpp **** #include "../h/Scheduler.h"
   7:src/Semaphore.cpp **** semaphore* semaphore::createSemaphore(unsigned int init ) {
  12              		.loc 1 7 59
  13              		.cfi_startproc
  14              	.LVL0:
  15 0000 130101FE 		addi	sp,sp,-32
  16              		.cfi_def_cfa_offset 32
  17 0004 233C1100 		sd	ra,24(sp)
  18 0008 23388100 		sd	s0,16(sp)
  19 000c 23349100 		sd	s1,8(sp)
  20              		.cfi_offset 1, -8
  21              		.cfi_offset 8, -16
  22              		.cfi_offset 9, -24
  23 0010 13040102 		addi	s0,sp,32
  24              		.cfi_def_cfa 8, 0
  25 0014 93040500 		mv	s1,a0
   8:src/Semaphore.cpp ****     return new semaphore(init);
  26              		.loc 1 8 5
  27              		.loc 1 8 30 is_stmt 0
  28 0018 13058002 		li	a0,40
  29              	.LVL1:
  30 001c 97000000 		call	_Znwm@plt
  30      E7800000 
  31              	.LVL2:
  32              	.LBB32:
  33              	.LBB33:
  34              		.file 2 "src/../h/Semaphore.h"
   1:src/../h/Semaphore.h **** //
   2:src/../h/Semaphore.h **** // Created by os on 10/18/25.
   3:src/../h/Semaphore.h **** //
   4:src/../h/Semaphore.h **** 
   5:src/../h/Semaphore.h **** #ifndef PROJEKAT_SEMAPHORE_H
   6:src/../h/Semaphore.h **** #define PROJEKAT_SEMAPHORE_H
   7:src/../h/Semaphore.h **** #include "list.h"
   8:src/../h/Semaphore.h **** #include "PCB.h"
   9:src/../h/Semaphore.h **** class semaphore {
  10:src/../h/Semaphore.h **** public:
  11:src/../h/Semaphore.h ****     ~semaphore(){closeSemaphore();}
  12:src/../h/Semaphore.h ****     void wait();
  13:src/../h/Semaphore.h ****     void signal();
  14:src/../h/Semaphore.h ****     void closeSemaphore();
  15:src/../h/Semaphore.h ****     static semaphore* createSemaphore(unsigned init = 1);
GAS LISTING /tmp/cc50aRM5.s 			page 2


  16:src/../h/Semaphore.h **** private:
  17:src/../h/Semaphore.h ****     explicit semaphore(unsigned init = 1) : val(init),closed(false) {}
  35              		.loc 2 17 67
  36 0024 23209500 		sw	s1,0(a0)
  37              	.LVL3:
  38              	.LBB34:
  39              	.LBB35:
  40              		.file 3 "src/../h/list.h"
   1:src/../h/list.h **** //
   2:src/../h/list.h **** // Created by os on 10/18/25.
   3:src/../h/list.h **** //
   4:src/../h/list.h **** 
   5:src/../h/list.h **** #ifndef PROJEKAT_LIST_H
   6:src/../h/list.h **** #define PROJEKAT_LIST_H
   7:src/../h/list.h **** 
   8:src/../h/list.h **** template <typename T>
   9:src/../h/list.h **** class List {
  10:src/../h/list.h **** private:
  11:src/../h/list.h ****     struct Elem {
  12:src/../h/list.h ****         T* data;
  13:src/../h/list.h ****         Elem* next;
  14:src/../h/list.h **** 
  15:src/../h/list.h ****         Elem(T* dat, Elem* nxt) : data(dat), next(nxt) {}
  16:src/../h/list.h ****     };
  17:src/../h/list.h ****     Elem* head;
  18:src/../h/list.h ****     Elem* tail;
  19:src/../h/list.h ****     unsigned long size;
  20:src/../h/list.h **** public:
  21:src/../h/list.h ****     List() : head(0), tail(0), size(0) {}
  41              		.loc 3 21 38
  42 0028 23340500 		sd	zero,8(a0)
  43 002c 23380500 		sd	zero,16(a0)
  44 0030 233C0500 		sd	zero,24(a0)
  45              	.LVL4:
  46              	.LBE35:
  47              	.LBE34:
  48              		.loc 2 17 67
  49 0034 23000502 		sb	zero,32(a0)
  50              	.LVL5:
  51              	.LBE33:
  52              	.LBE32:
   9:src/Semaphore.cpp **** }
  53              		.loc 1 9 1
  54 0038 83308101 		ld	ra,24(sp)
  55              		.cfi_restore 1
  56 003c 03340101 		ld	s0,16(sp)
  57              		.cfi_restore 8
  58              		.cfi_def_cfa 2, 32
  59 0040 83348100 		ld	s1,8(sp)
  60              		.cfi_restore 9
  61 0044 13010102 		addi	sp,sp,32
  62              		.cfi_def_cfa_offset 0
  63 0048 67800000 		jr	ra
  64              		.cfi_endproc
  65              	.LFE29:
  67              		.align	2
  68              		.globl	_ZN9semaphore5blockEv
GAS LISTING /tmp/cc50aRM5.s 			page 3


  70              	_ZN9semaphore5blockEv:
  71              	.LFB32:
  10:src/Semaphore.cpp **** 
  11:src/Semaphore.cpp **** void semaphore::wait() {
  12:src/Semaphore.cpp ****     if(this->closed)return;
  13:src/Semaphore.cpp ****     if(--this->val<0){
  14:src/Semaphore.cpp ****         block();
  15:src/Semaphore.cpp ****     }
  16:src/Semaphore.cpp ****     return;
  17:src/Semaphore.cpp **** }
  18:src/Semaphore.cpp **** 
  19:src/Semaphore.cpp **** void semaphore::signal(){
  20:src/Semaphore.cpp ****     if(this->closed) return;
  21:src/Semaphore.cpp ****     if(++this->val <=0){
  22:src/Semaphore.cpp ****         unblock();
  23:src/Semaphore.cpp ****     }
  24:src/Semaphore.cpp ****     return ;
  25:src/Semaphore.cpp **** }
  26:src/Semaphore.cpp **** 
  27:src/Semaphore.cpp **** void semaphore::block() {
  72              		.loc 1 27 25 is_stmt 1
  73              		.cfi_startproc
  74              	.LVL6:
  75 004c 130101FD 		addi	sp,sp,-48
  76              		.cfi_def_cfa_offset 48
  77 0050 23341102 		sd	ra,40(sp)
  78 0054 23308102 		sd	s0,32(sp)
  79 0058 233C9100 		sd	s1,24(sp)
  80 005c 23382101 		sd	s2,16(sp)
  81 0060 23343101 		sd	s3,8(sp)
  82              		.cfi_offset 1, -8
  83              		.cfi_offset 8, -16
  84              		.cfi_offset 9, -24
  85              		.cfi_offset 18, -32
  86              		.cfi_offset 19, -40
  87 0064 13040103 		addi	s0,sp,48
  88              		.cfi_def_cfa 8, 0
  89 0068 93040500 		mv	s1,a0
  28:src/Semaphore.cpp ****     this->blocked.add(PCB::running);
  90              		.loc 1 28 5
  91              		.loc 1 28 22 is_stmt 0
  92 006c 13098500 		addi	s2,a0,8
  93 0070 97070000 		la	a5,_ZN3PCB7runningE
  93      83B70700 
  94 0078 83B90700 		ld	s3,0(a5)
  95              	.LVL7:
  96              	.LBB43:
  97              	.LBB44:
  22:src/../h/list.h ****     List(const List<T>&) = delete;
  23:src/../h/list.h ****     List<T>& operator=(const List<T>&) = delete;
  24:src/../h/list.h ****     unsigned long getSize() const { return size; }
  25:src/../h/list.h ****     void add(T* data) {
  26:src/../h/list.h ****         Elem* elem = new Elem(data, head);
  98              		.loc 3 26 22
  99 007c 13050001 		li	a0,16
 100              	.LVL8:
 101 0080 97000000 		call	_Znwm@plt
GAS LISTING /tmp/cc50aRM5.s 			page 4


 101      E7800000 
 102              	.LVL9:
 103 0088 83B78400 		ld	a5,8(s1)
 104              	.LVL10:
 105              	.LBB45:
 106              	.LBB46:
  15:src/../h/list.h ****     };
 107              		.loc 3 15 54
 108 008c 23303501 		sd	s3,0(a0)
 109 0090 2334F500 		sd	a5,8(a0)
 110              	.LVL11:
 111              	.LBE46:
 112              	.LBE45:
  27:src/../h/list.h ****         head = elem;
 113              		.loc 3 27 9
 114 0094 23B4A400 		sd	a0,8(s1)
  28:src/../h/list.h ****         if (!tail)
 115              		.loc 3 28 14
 116 0098 83378900 		ld	a5,8(s2)
 117              		.loc 3 28 9
 118 009c 638A0704 		beqz	a5,.L6
 119              	.L4:
  29:src/../h/list.h ****             tail = head;
  30:src/../h/list.h ****         ++size;
 120              		.loc 3 30 11
 121 00a0 83370901 		ld	a5,16(s2)
 122              		.loc 3 30 9
 123 00a4 93871700 		addi	a5,a5,1
 124 00a8 2338F900 		sd	a5,16(s2)
 125              	.LVL12:
 126              	.LBE44:
 127              	.LBE43:
  29:src/Semaphore.cpp ****     PCB::running->setState(BLOCKED);
 128              		.loc 1 29 5 is_stmt 1
 129              		.loc 1 29 27 is_stmt 0
 130 00ac 97070000 		la	a5,_ZN3PCB7runningE
 130      83B70700 
 131 00b4 83B70700 		ld	a5,0(a5)
 132              	.LVL13:
 133              	.LBB48:
 134              	.LBB49:
 135              		.file 4 "src/../h/PCB.h"
   1:src/../h/PCB.h **** #ifndef OSNOVNI_PROJEKAT_PCB_H
   2:src/../h/PCB.h **** #define OSNOVNI_PROJEKAT_PCB_H
   3:src/../h/PCB.h **** 
   4:src/../h/PCB.h **** #include "syscall_cpp.h"
   5:src/../h/PCB.h **** #include "../lib/hw.h"
   6:src/../h/PCB.h **** 
   7:src/../h/PCB.h **** enum State {
   8:src/../h/PCB.h ****     INITALIZED,
   9:src/../h/PCB.h ****     READY,
  10:src/../h/PCB.h ****     RUNNING,
  11:src/../h/PCB.h ****     BLOCKED,
  12:src/../h/PCB.h ****     SLEEPING,
  13:src/../h/PCB.h ****     FINISHED
  14:src/../h/PCB.h **** };
  15:src/../h/PCB.h **** 
GAS LISTING /tmp/cc50aRM5.s 			page 5


  16:src/../h/PCB.h **** class PCB {
  17:src/../h/PCB.h **** public:
  18:src/../h/PCB.h ****     using tBody = void (*)(void*);
  19:src/../h/PCB.h ****     static PCB* createPCB(tBody tbody, void* arg, void* stack_space);
  20:src/../h/PCB.h ****     ~PCB() { delete stack; }
  21:src/../h/PCB.h ****     State getState() const { return state; }
  22:src/../h/PCB.h ****     void setState(State value) { state = value; }
 136              		.loc 4 22 34 is_stmt 1
 137              		.loc 4 22 40 is_stmt 0
 138 00b8 13073000 		li	a4,3
 139 00bc 23A8E702 		sw	a4,48(a5)
 140              	.LVL14:
 141              	.LBE49:
 142              	.LBE48:
  30:src/Semaphore.cpp ****     PCB::timeSliceCnt = 0;
 143              		.loc 1 30 5 is_stmt 1
 144              		.loc 1 30 23 is_stmt 0
 145 00c0 97070000 		la	a5,_ZN3PCB12timeSliceCntE
 145      83B70700 
 146 00c8 23B00700 		sd	zero,0(a5)
  31:src/Semaphore.cpp ****     thread_dispatch();
 147              		.loc 1 31 5 is_stmt 1
 148              		.loc 1 31 20 is_stmt 0
 149 00cc 97000000 		call	_Z15thread_dispatchv@plt
 149      E7800000 
 150              	.LVL15:
  32:src/Semaphore.cpp **** }
 151              		.loc 1 32 1
 152 00d4 83308102 		ld	ra,40(sp)
 153              		.cfi_remember_state
 154              		.cfi_restore 1
 155 00d8 03340102 		ld	s0,32(sp)
 156              		.cfi_restore 8
 157              		.cfi_def_cfa 2, 48
 158 00dc 83348101 		ld	s1,24(sp)
 159              		.cfi_restore 9
 160              	.LVL16:
 161 00e0 03390101 		ld	s2,16(sp)
 162              		.cfi_restore 18
 163              	.LVL17:
 164 00e4 83398100 		ld	s3,8(sp)
 165              		.cfi_restore 19
 166 00e8 13010103 		addi	sp,sp,48
 167              		.cfi_def_cfa_offset 0
 168 00ec 67800000 		jr	ra
 169              	.LVL18:
 170              	.L6:
 171              		.cfi_restore_state
 172              	.LBB50:
 173              	.LBB47:
  29:src/../h/list.h ****         ++size;
 174              		.loc 3 29 13
 175 00f0 2334A900 		sd	a0,8(s2)
 176 00f4 6FF0DFFA 		j	.L4
 177              	.LBE47:
 178              	.LBE50:
 179              		.cfi_endproc
GAS LISTING /tmp/cc50aRM5.s 			page 6


 180              	.LFE32:
 182              		.align	2
 183              		.globl	_ZN9semaphore4waitEv
 185              	_ZN9semaphore4waitEv:
 186              	.LFB30:
  11:src/Semaphore.cpp ****     if(this->closed)return;
 187              		.loc 1 11 24 is_stmt 1
 188              		.cfi_startproc
 189              	.LVL19:
  12:src/Semaphore.cpp ****     if(--this->val<0){
 190              		.loc 1 12 5
  12:src/Semaphore.cpp ****     if(--this->val<0){
 191              		.loc 1 12 14 is_stmt 0
 192 00f8 83470502 		lbu	a5,32(a0)
  12:src/Semaphore.cpp ****     if(--this->val<0){
 193              		.loc 1 12 5
 194 00fc 639C0700 		bnez	a5,.L10
  13:src/Semaphore.cpp ****         block();
 195              		.loc 1 13 5 is_stmt 1
  13:src/Semaphore.cpp ****         block();
 196              		.loc 1 13 16 is_stmt 0
 197 0100 83270500 		lw	a5,0(a0)
  13:src/Semaphore.cpp ****         block();
 198              		.loc 1 13 8
 199 0104 9B87F7FF 		addiw	a5,a5,-1
  13:src/Semaphore.cpp ****         block();
 200              		.loc 1 13 19
 201 0108 2320F500 		sw	a5,0(a0)
  13:src/Semaphore.cpp ****         block();
 202              		.loc 1 13 5
 203 010c 13970702 		slli	a4,a5,32
 204 0110 63440700 		bltz	a4,.L13
 205              	.L10:
 206 0114 67800000 		ret
 207              	.L13:
  11:src/Semaphore.cpp ****     if(this->closed)return;
 208              		.loc 1 11 24
 209 0118 130101FF 		addi	sp,sp,-16
 210              		.cfi_def_cfa_offset 16
 211 011c 23341100 		sd	ra,8(sp)
 212 0120 23308100 		sd	s0,0(sp)
 213              		.cfi_offset 1, -8
 214              		.cfi_offset 8, -16
 215 0124 13040101 		addi	s0,sp,16
 216              		.cfi_def_cfa 8, 0
  14:src/Semaphore.cpp ****     }
 217              		.loc 1 14 9 is_stmt 1
  14:src/Semaphore.cpp ****     }
 218              		.loc 1 14 14 is_stmt 0
 219 0128 97000000 		call	_ZN9semaphore5blockEv
 219      E7800000 
 220              	.LVL20:
  17:src/Semaphore.cpp **** 
 221              		.loc 1 17 1
 222 0130 83308100 		ld	ra,8(sp)
 223              		.cfi_restore 1
 224 0134 03340100 		ld	s0,0(sp)
GAS LISTING /tmp/cc50aRM5.s 			page 7


 225              		.cfi_restore 8
 226              		.cfi_def_cfa 2, 16
 227 0138 13010101 		addi	sp,sp,16
 228              		.cfi_def_cfa_offset 0
 229 013c 67800000 		jr	ra
 230              		.cfi_endproc
 231              	.LFE30:
 233              		.align	2
 234              		.globl	_ZN9semaphore7unblockEv
 236              	_ZN9semaphore7unblockEv:
 237              	.LFB33:
  33:src/Semaphore.cpp **** 
  34:src/Semaphore.cpp **** void semaphore::unblock() {
 238              		.loc 1 34 27 is_stmt 1
 239              		.cfi_startproc
 240              	.LVL21:
 241 0140 130101FE 		addi	sp,sp,-32
 242              		.cfi_def_cfa_offset 32
 243 0144 233C1100 		sd	ra,24(sp)
 244 0148 23388100 		sd	s0,16(sp)
 245 014c 23349100 		sd	s1,8(sp)
 246              		.cfi_offset 1, -8
 247              		.cfi_offset 8, -16
 248              		.cfi_offset 9, -24
 249 0150 13040102 		addi	s0,sp,32
 250              		.cfi_def_cfa 8, 0
 251 0154 93070500 		mv	a5,a0
  35:src/Semaphore.cpp ****     PCB* thread = this->blocked.remove_first();
 252              		.loc 1 35 5
 253              		.loc 1 35 45 is_stmt 0
 254 0158 13078500 		addi	a4,a0,8
 255              	.LVL22:
 256              	.LBB62:
 257              	.LBB63:
  31:src/../h/list.h ****     }
  32:src/../h/list.h ****     void addLast(T* data) {
  33:src/../h/list.h ****         Elem* elem = new Elem(data, 0);
  34:src/../h/list.h ****         if (tail) {
  35:src/../h/list.h ****             tail->next = elem;
  36:src/../h/list.h ****             tail = elem;
  37:src/../h/list.h ****         }
  38:src/../h/list.h ****         else
  39:src/../h/list.h ****             head = tail = elem;
  40:src/../h/list.h ****         ++size;
  41:src/../h/list.h ****     }
  42:src/../h/list.h ****     T* remove_first() {
  43:src/../h/list.h ****         if (!head) return 0;
 258              		.loc 3 43 14
 259 015c 03358500 		ld	a0,8(a0)
 260              	.LVL23:
 261              		.loc 3 43 9
 262 0160 630C0508 		beqz	a0,.L20
 263              	.LVL24:
  44:src/../h/list.h ****         Elem* elem = head;
  45:src/../h/list.h ****         head = head->next;
 264              		.loc 3 45 22
 265 0164 83368500 		ld	a3,8(a0)
GAS LISTING /tmp/cc50aRM5.s 			page 8


 266              		.loc 3 45 9
 267 0168 23B4D700 		sd	a3,8(a5)
  46:src/../h/list.h ****         if (!head)
 268              		.loc 3 46 9
 269 016c 63820608 		beqz	a3,.L22
 270              	.L16:
  47:src/../h/list.h ****             tail = 0;
  48:src/../h/list.h ****         --size;
 271              		.loc 3 48 11
 272 0170 83370701 		ld	a5,16(a4)
 273              	.LVL25:
 274              		.loc 3 48 9
 275 0174 9387F7FF 		addi	a5,a5,-1
 276 0178 2338F700 		sd	a5,16(a4)
  49:src/../h/list.h ****         T* ret = elem->data;
 277              		.loc 3 49 12
 278 017c 83340500 		ld	s1,0(a0)
 279              	.LVL26:
  50:src/../h/list.h ****         delete elem;
 280              		.loc 3 50 9
 281 0180 97000000 		call	_ZdlPv@plt
 281      E7800000 
 282              	.LVL27:
 283              	.L15:
 284              	.LBE63:
 285              	.LBE62:
  36:src/Semaphore.cpp ****     if (thread) {
 286              		.loc 1 36 5 is_stmt 1
 287 0188 638A0404 		beqz	s1,.L14
  37:src/Semaphore.cpp ****         thread->setState(READY);
 288              		.loc 1 37 9
 289              	.LVL28:
 290              	.LBB65:
 291              	.LBB66:
 292              		.loc 4 22 34
 293              		.loc 4 22 40 is_stmt 0
 294 018c 93071000 		li	a5,1
 295 0190 23A8F402 		sw	a5,48(s1)
 296              	.LVL29:
 297              	.LBE66:
 298              	.LBE65:
  38:src/Semaphore.cpp ****         Scheduler::put(thread);
 299              		.loc 1 38 9 is_stmt 1
 300              		.file 5 "src/../h/Scheduler.h"
   1:src/../h/Scheduler.h **** //
   2:src/../h/Scheduler.h **** // Created by os on 10/13/25.
   3:src/../h/Scheduler.h **** //
   4:src/../h/Scheduler.h **** 
   5:src/../h/Scheduler.h **** #ifndef OSNOVNI_PROJEKAT_SCHEDULER_H
   6:src/../h/Scheduler.h **** #define OSNOVNI_PROJEKAT_SCHEDULER_H
   7:src/../h/Scheduler.h **** #include "../h/list.h"
   8:src/../h/Scheduler.h **** #include "../h/PCB.h"
   9:src/../h/Scheduler.h **** 
  10:src/../h/Scheduler.h **** class Scheduler{
  11:src/../h/Scheduler.h **** private:
  12:src/../h/Scheduler.h ****     static List<PCB> ready;
  13:src/../h/Scheduler.h ****     static List<PCB> sleep;
GAS LISTING /tmp/cc50aRM5.s 			page 9


  14:src/../h/Scheduler.h ****     Scheduler() {}
  15:src/../h/Scheduler.h ****     Scheduler(const Scheduler&) = delete;
  16:src/../h/Scheduler.h ****     Scheduler& operator=(const Scheduler&) = delete;
  17:src/../h/Scheduler.h ****     Scheduler(Scheduler&&) = delete;
  18:src/../h/Scheduler.h ****     Scheduler& operator=(Scheduler&&) = delete;
  19:src/../h/Scheduler.h **** public:
  20:src/../h/Scheduler.h ****     static Scheduler& instance() {
  21:src/../h/Scheduler.h ****         static Scheduler instance;
  22:src/../h/Scheduler.h ****         return instance;
  23:src/../h/Scheduler.h ****     }
  24:src/../h/Scheduler.h ****     static PCB* get(){
  25:src/../h/Scheduler.h ****         return Scheduler::ready.remove_first();
  26:src/../h/Scheduler.h ****     }
  27:src/../h/Scheduler.h ****     static void put(PCB* pcb){
  28:src/../h/Scheduler.h ****         pcb->setState(READY);
 301              		.loc 5 28 9
 302              		.loc 4 22 34
  29:src/../h/Scheduler.h ****         Scheduler::ready.addLast(pcb);
 303              		.loc 5 29 9
 304              	.LBB67:
 305              	.LBB68:
 306              	.LBB69:
  33:src/../h/list.h ****         if (tail) {
 307              		.loc 3 33 22 is_stmt 0
 308 0194 13050001 		li	a0,16
 309 0198 97000000 		call	_Znwm@plt
 309      E7800000 
 310              	.LVL30:
 311              	.LBB70:
 312              	.LBB71:
  15:src/../h/list.h ****     };
 313              		.loc 3 15 54
 314 01a0 23309500 		sd	s1,0(a0)
 315 01a4 23340500 		sd	zero,8(a0)
 316              	.LVL31:
 317              	.LBE71:
 318              	.LBE70:
  34:src/../h/list.h ****             tail->next = elem;
 319              		.loc 3 34 13
 320 01a8 97070000 		la	a5,_ZN9Scheduler5readyE
 320      83B70700 
 321 01b0 83B78700 		ld	a5,8(a5)
  34:src/../h/list.h ****             tail->next = elem;
 322              		.loc 3 34 9
 323 01b4 63860704 		beqz	a5,.L18
  35:src/../h/list.h ****             tail = elem;
 324              		.loc 3 35 13
 325 01b8 23B4A700 		sd	a0,8(a5)
  36:src/../h/list.h ****         }
 326              		.loc 3 36 13
 327 01bc 97070000 		la	a5,_ZN9Scheduler5readyE
 327      83B70700 
 328 01c4 23B4A700 		sd	a0,8(a5)
 329              	.L19:
  40:src/../h/list.h ****     }
 330              		.loc 3 40 11
 331 01c8 17070000 		la	a4,_ZN9Scheduler5readyE
GAS LISTING /tmp/cc50aRM5.s 			page 10


 331      03370700 
 332 01d0 83370701 		ld	a5,16(a4)
  40:src/../h/list.h ****     }
 333              		.loc 3 40 9
 334 01d4 93871700 		addi	a5,a5,1
 335 01d8 2338F700 		sd	a5,16(a4)
 336              	.LVL32:
 337              	.L14:
 338              	.LBE69:
 339              	.LBE68:
 340              	.LBE67:
  39:src/Semaphore.cpp ****     }
  40:src/Semaphore.cpp **** 
  41:src/Semaphore.cpp **** }
 341              		.loc 1 41 1
 342 01dc 83308101 		ld	ra,24(sp)
 343              		.cfi_remember_state
 344              		.cfi_restore 1
 345 01e0 03340101 		ld	s0,16(sp)
 346              		.cfi_restore 8
 347              		.cfi_def_cfa 2, 32
 348 01e4 83348100 		ld	s1,8(sp)
 349              		.cfi_restore 9
 350              	.LVL33:
 351 01e8 13010102 		addi	sp,sp,32
 352              		.cfi_def_cfa_offset 0
 353 01ec 67800000 		jr	ra
 354              	.LVL34:
 355              	.L22:
 356              		.cfi_restore_state
 357              	.LBB74:
 358              	.LBB64:
  47:src/../h/list.h ****         --size;
 359              		.loc 3 47 13
 360 01f0 23340700 		sd	zero,8(a4)
 361 01f4 6FF0DFF7 		j	.L16
 362              	.LVL35:
 363              	.L20:
  43:src/../h/list.h ****         Elem* elem = head;
 364              		.loc 3 43 27
 365 01f8 93040500 		mv	s1,a0
 366 01fc 6FF0DFF8 		j	.L15
 367              	.LVL36:
 368              	.L18:
 369              	.LBE64:
 370              	.LBE74:
 371              	.LBB75:
 372              	.LBB73:
 373              	.LBB72:
  39:src/../h/list.h ****         ++size;
 374              		.loc 3 39 13
 375 0200 97070000 		la	a5,_ZN9Scheduler5readyE
 375      83B70700 
 376 0208 23B4A700 		sd	a0,8(a5)
 377 020c 23B0A700 		sd	a0,0(a5)
 378 0210 6FF09FFB 		j	.L19
 379              	.LBE72:
GAS LISTING /tmp/cc50aRM5.s 			page 11


 380              	.LBE73:
 381              	.LBE75:
 382              		.cfi_endproc
 383              	.LFE33:
 385              		.align	2
 386              		.globl	_ZN9semaphore6signalEv
 388              	_ZN9semaphore6signalEv:
 389              	.LFB31:
  19:src/Semaphore.cpp ****     if(this->closed) return;
 390              		.loc 1 19 25 is_stmt 1
 391              		.cfi_startproc
 392              	.LVL37:
  20:src/Semaphore.cpp ****     if(++this->val <=0){
 393              		.loc 1 20 5
  20:src/Semaphore.cpp ****     if(++this->val <=0){
 394              		.loc 1 20 14 is_stmt 0
 395 0214 83470502 		lbu	a5,32(a0)
  20:src/Semaphore.cpp ****     if(++this->val <=0){
 396              		.loc 1 20 5
 397 0218 639C0700 		bnez	a5,.L26
  21:src/Semaphore.cpp ****         unblock();
 398              		.loc 1 21 5 is_stmt 1
  21:src/Semaphore.cpp ****         unblock();
 399              		.loc 1 21 16 is_stmt 0
 400 021c 83270500 		lw	a5,0(a0)
  21:src/Semaphore.cpp ****         unblock();
 401              		.loc 1 21 8
 402 0220 9B871700 		addiw	a5,a5,1
 403 0224 1B870700 		sext.w	a4,a5
  21:src/Semaphore.cpp ****         unblock();
 404              		.loc 1 21 20
 405 0228 2320F500 		sw	a5,0(a0)
  21:src/Semaphore.cpp ****         unblock();
 406              		.loc 1 21 5
 407 022c 6354E000 		blez	a4,.L29
 408              	.L26:
 409 0230 67800000 		ret
 410              	.L29:
  19:src/Semaphore.cpp ****     if(this->closed) return;
 411              		.loc 1 19 25
 412 0234 130101FF 		addi	sp,sp,-16
 413              		.cfi_def_cfa_offset 16
 414 0238 23341100 		sd	ra,8(sp)
 415 023c 23308100 		sd	s0,0(sp)
 416              		.cfi_offset 1, -8
 417              		.cfi_offset 8, -16
 418 0240 13040101 		addi	s0,sp,16
 419              		.cfi_def_cfa 8, 0
  22:src/Semaphore.cpp ****     }
 420              		.loc 1 22 9 is_stmt 1
  22:src/Semaphore.cpp ****     }
 421              		.loc 1 22 16 is_stmt 0
 422 0244 97000000 		call	_ZN9semaphore7unblockEv
 422      E7800000 
 423              	.LVL38:
  25:src/Semaphore.cpp **** 
 424              		.loc 1 25 1
GAS LISTING /tmp/cc50aRM5.s 			page 12


 425 024c 83308100 		ld	ra,8(sp)
 426              		.cfi_restore 1
 427 0250 03340100 		ld	s0,0(sp)
 428              		.cfi_restore 8
 429              		.cfi_def_cfa 2, 16
 430 0254 13010101 		addi	sp,sp,16
 431              		.cfi_def_cfa_offset 0
 432 0258 67800000 		jr	ra
 433              		.cfi_endproc
 434              	.LFE31:
 436              		.align	2
 437              		.globl	_ZN9semaphore14closeSemaphoreEv
 439              	_ZN9semaphore14closeSemaphoreEv:
 440              	.LFB34:
  42:src/Semaphore.cpp **** 
  43:src/Semaphore.cpp **** void semaphore::closeSemaphore() {
 441              		.loc 1 43 34 is_stmt 1
 442              		.cfi_startproc
 443              	.LVL39:
 444 025c 130101FE 		addi	sp,sp,-32
 445              		.cfi_def_cfa_offset 32
 446 0260 233C1100 		sd	ra,24(sp)
 447 0264 23388100 		sd	s0,16(sp)
 448 0268 23349100 		sd	s1,8(sp)
 449 026c 23302101 		sd	s2,0(sp)
 450              		.cfi_offset 1, -8
 451              		.cfi_offset 8, -16
 452              		.cfi_offset 9, -24
 453              		.cfi_offset 18, -32
 454 0270 13040102 		addi	s0,sp,32
 455              		.cfi_def_cfa 8, 0
 456 0274 93070500 		mv	a5,a0
  44:src/Semaphore.cpp ****     closed=true;
 457              		.loc 1 44 5
 458              		.loc 1 44 11 is_stmt 0
 459 0278 13071000 		li	a4,1
 460 027c 2300E502 		sb	a4,32(a0)
  45:src/Semaphore.cpp ****     PCB* pcb = blocked.remove_first();
 461              		.loc 1 45 5 is_stmt 1
 462              		.loc 1 45 36 is_stmt 0
 463 0280 13098500 		addi	s2,a0,8
 464              	.LVL40:
 465              	.LBB89:
 466              	.LBB90:
  43:src/../h/list.h ****         Elem* elem = head;
 467              		.loc 3 43 14
 468 0284 03358500 		ld	a0,8(a0)
 469              	.LVL41:
  43:src/../h/list.h ****         Elem* elem = head;
 470              		.loc 3 43 9
 471 0288 630A0502 		beqz	a0,.L39
 472              	.LVL42:
  45:src/../h/list.h ****         if (!head)
 473              		.loc 3 45 22
 474 028c 03378500 		ld	a4,8(a0)
  45:src/../h/list.h ****         if (!head)
 475              		.loc 3 45 9
GAS LISTING /tmp/cc50aRM5.s 			page 13


 476 0290 23B4E700 		sd	a4,8(a5)
  46:src/../h/list.h ****             tail = 0;
 477              		.loc 3 46 9
 478 0294 63000702 		beqz	a4,.L42
 479              	.L32:
  48:src/../h/list.h ****         T* ret = elem->data;
 480              		.loc 3 48 11
 481 0298 83370901 		ld	a5,16(s2)
 482              	.LVL43:
  48:src/../h/list.h ****         T* ret = elem->data;
 483              		.loc 3 48 9
 484 029c 9387F7FF 		addi	a5,a5,-1
 485 02a0 2338F900 		sd	a5,16(s2)
  49:src/../h/list.h ****         delete elem;
 486              		.loc 3 49 12
 487 02a4 83340500 		ld	s1,0(a0)
 488              	.LVL44:
 489              		.loc 3 50 9
 490 02a8 97000000 		call	_ZdlPv@plt
 490      E7800000 
 491              	.LVL45:
  51:src/../h/list.h ****         return ret;
 492              		.loc 3 51 16
 493 02b0 6F004004 		j	.L38
 494              	.LVL46:
 495              	.L42:
  47:src/../h/list.h ****         --size;
 496              		.loc 3 47 13
 497 02b4 23340900 		sd	zero,8(s2)
 498 02b8 6FF01FFE 		j	.L32
 499              	.LVL47:
 500              	.L39:
  43:src/../h/list.h ****         Elem* elem = head;
 501              		.loc 3 43 27
 502 02bc 93040500 		mv	s1,a0
 503              	.LVL48:
 504 02c0 6F004003 		j	.L38
 505              	.LVL49:
 506              	.L34:
 507              	.LBE90:
 508              	.LBE89:
 509              	.LBB91:
 510              	.LBB92:
 511              	.LBB93:
  39:src/../h/list.h ****         ++size;
 512              		.loc 3 39 13
 513 02c4 97070000 		la	a5,_ZN9Scheduler5readyE
 513      83B70700 
 514 02cc 23B4A700 		sd	a0,8(a5)
 515 02d0 23B0A700 		sd	a0,0(a5)
 516 02d4 6F008006 		j	.L35
 517              	.LVL50:
 518              	.L43:
 519              	.LBE93:
 520              	.LBE92:
 521              	.LBE91:
 522              	.LBB100:
GAS LISTING /tmp/cc50aRM5.s 			page 14


 523              	.LBB101:
  47:src/../h/list.h ****         --size;
 524              		.loc 3 47 13
 525 02d8 23340900 		sd	zero,8(s2)
 526              	.L37:
  48:src/../h/list.h ****         T* ret = elem->data;
 527              		.loc 3 48 11
 528 02dc 83370901 		ld	a5,16(s2)
  48:src/../h/list.h ****         T* ret = elem->data;
 529              		.loc 3 48 9
 530 02e0 9387F7FF 		addi	a5,a5,-1
 531 02e4 2338F900 		sd	a5,16(s2)
  49:src/../h/list.h ****         delete elem;
 532              		.loc 3 49 12
 533 02e8 83340500 		ld	s1,0(a0)
 534              	.LVL51:
  50:src/../h/list.h ****         return ret;
 535              		.loc 3 50 9
 536 02ec 97000000 		call	_ZdlPv@plt
 536      E7800000 
 537              	.LVL52:
 538              	.L38:
 539              	.LBE101:
 540              	.LBE100:
  46:src/Semaphore.cpp ****     while (pcb) {
 541              		.loc 1 46 5 is_stmt 1
 542              		.loc 1 46 12
 543 02f4 638E0406 		beqz	s1,.L30
  47:src/Semaphore.cpp ****         pcb->backFromClosedSemaphore = true;
 544              		.loc 1 47 9
 545              		.loc 1 47 38 is_stmt 0
 546 02f8 93071000 		li	a5,1
 547 02fc 238AF402 		sb	a5,52(s1)
  48:src/Semaphore.cpp ****         Scheduler::put(pcb);
 548              		.loc 1 48 9 is_stmt 1
 549              	.LVL53:
  28:src/../h/Scheduler.h ****         Scheduler::ready.addLast(pcb);
 550              		.loc 5 28 9
 551              	.LBB103:
 552              	.LBB97:
 553              	.LBB98:
 554              		.loc 4 22 34
 555              		.loc 4 22 40 is_stmt 0
 556 0300 93071000 		li	a5,1
 557 0304 23A8F402 		sw	a5,48(s1)
 558              	.LVL54:
 559              	.LBE98:
 560              	.LBE97:
 561              	.LBE103:
 562              		.loc 5 29 9 is_stmt 1
 563              	.LBB104:
 564              	.LBB99:
 565              	.LBB96:
  33:src/../h/list.h ****         if (tail) {
 566              		.loc 3 33 22 is_stmt 0
 567 0308 13050001 		li	a0,16
 568 030c 97000000 		call	_Znwm@plt
GAS LISTING /tmp/cc50aRM5.s 			page 15


 568      E7800000 
 569              	.LVL55:
 570              	.LBB94:
 571              	.LBB95:
  15:src/../h/list.h ****     };
 572              		.loc 3 15 54
 573 0314 23309500 		sd	s1,0(a0)
 574 0318 23340500 		sd	zero,8(a0)
 575              	.LVL56:
 576              	.LBE95:
 577              	.LBE94:
  34:src/../h/list.h ****             tail->next = elem;
 578              		.loc 3 34 13
 579 031c 97070000 		la	a5,_ZN9Scheduler5readyE
 579      83B70700 
 580 0324 83B78700 		ld	a5,8(a5)
  34:src/../h/list.h ****             tail->next = elem;
 581              		.loc 3 34 9
 582 0328 E38E07F8 		beqz	a5,.L34
  35:src/../h/list.h ****             tail = elem;
 583              		.loc 3 35 13
 584 032c 23B4A700 		sd	a0,8(a5)
  36:src/../h/list.h ****         }
 585              		.loc 3 36 13
 586 0330 97070000 		la	a5,_ZN9Scheduler5readyE
 586      83B70700 
 587 0338 23B4A700 		sd	a0,8(a5)
 588              	.L35:
  40:src/../h/list.h ****     }
 589              		.loc 3 40 11
 590 033c 17070000 		la	a4,_ZN9Scheduler5readyE
 590      03370700 
 591 0344 83370701 		ld	a5,16(a4)
  40:src/../h/list.h ****     }
 592              		.loc 3 40 9
 593 0348 93871700 		addi	a5,a5,1
 594 034c 2338F700 		sd	a5,16(a4)
 595              	.LVL57:
 596              	.LBE96:
 597              	.LBE99:
 598              	.LBE104:
  49:src/Semaphore.cpp ****         pcb = blocked.remove_first();
 599              		.loc 1 49 9 is_stmt 1
 600              	.LBB105:
 601              	.LBB102:
  43:src/../h/list.h ****         Elem* elem = head;
 602              		.loc 3 43 14 is_stmt 0
 603 0350 03350900 		ld	a0,0(s2)
 604              	.LVL58:
  43:src/../h/list.h ****         Elem* elem = head;
 605              		.loc 3 43 9
 606 0354 630A0500 		beqz	a0,.L40
 607              	.LVL59:
  45:src/../h/list.h ****         if (!head)
 608              		.loc 3 45 22
 609 0358 83378500 		ld	a5,8(a0)
  45:src/../h/list.h ****         if (!head)
GAS LISTING /tmp/cc50aRM5.s 			page 16


 610              		.loc 3 45 9
 611 035c 2330F900 		sd	a5,0(s2)
 612              	.LVL60:
  46:src/../h/list.h ****             tail = 0;
 613              		.loc 3 46 9
 614 0360 E39E07F6 		bnez	a5,.L37
 615 0364 6FF05FF7 		j	.L43
 616              	.LVL61:
 617              	.L40:
  43:src/../h/list.h ****         Elem* elem = head;
 618              		.loc 3 43 27
 619 0368 93040500 		mv	s1,a0
 620              	.LVL62:
 621              	.LBE102:
 622              	.LBE105:
  46:src/Semaphore.cpp ****         pcb->backFromClosedSemaphore = true;
 623              		.loc 1 46 5
 624 036c 6FF09FF8 		j	.L38
 625              	.LVL63:
 626              	.L30:
  50:src/Semaphore.cpp ****     }
  51:src/Semaphore.cpp **** }...
 627              		.loc 1 51 1
 628 0370 83308101 		ld	ra,24(sp)
 629              		.cfi_restore 1
 630 0374 03340101 		ld	s0,16(sp)
 631              		.cfi_restore 8
 632              		.cfi_def_cfa 2, 32
 633 0378 83348100 		ld	s1,8(sp)
 634              		.cfi_restore 9
 635              	.LVL64:
 636 037c 03390100 		ld	s2,0(sp)
 637              		.cfi_restore 18
 638              	.LVL65:
 639 0380 13010102 		addi	sp,sp,32
 640              		.cfi_def_cfa_offset 0
 641 0384 67800000 		jr	ra
 642              		.cfi_endproc
 643              	.LFE34:
 645              	.Letext0:
 646              		.file 6 "src/../h/../h/../lib/hw.h"
 647              		.file 7 "src/../h/../h/syscall_c.h"
 648              		.file 8 "src/../h/syscall_cpp.h"
GAS LISTING /tmp/cc50aRM5.s 			page 17


DEFINED SYMBOLS
                            *ABS*:0000000000000000 Semaphore.cpp
     /tmp/cc50aRM5.s:9      .text:0000000000000000 _ZN9semaphore15createSemaphoreEj
     /tmp/cc50aRM5.s:13     .text:0000000000000000 .L0 
     /tmp/cc50aRM5.s:15     .text:0000000000000000 .L0 
     /tmp/cc50aRM5.s:16     .text:0000000000000004 .L0 
     /tmp/cc50aRM5.s:20     .text:0000000000000010 .L0 
     /tmp/cc50aRM5.s:21     .text:0000000000000010 .L0 
     /tmp/cc50aRM5.s:22     .text:0000000000000010 .L0 
     /tmp/cc50aRM5.s:24     .text:0000000000000014 .L0 
     /tmp/cc50aRM5.s:27     .text:0000000000000018 .L0 
     /tmp/cc50aRM5.s:28     .text:0000000000000018 .L0 
     /tmp/cc50aRM5.s:36     .text:0000000000000024 .L0 
     /tmp/cc50aRM5.s:42     .text:0000000000000028 .L0 
     /tmp/cc50aRM5.s:49     .text:0000000000000034 .L0 
     /tmp/cc50aRM5.s:54     .text:0000000000000038 .L0 
     /tmp/cc50aRM5.s:55     .text:000000000000003c .L0 
     /tmp/cc50aRM5.s:57     .text:0000000000000040 .L0 
     /tmp/cc50aRM5.s:58     .text:0000000000000040 .L0 
     /tmp/cc50aRM5.s:60     .text:0000000000000044 .L0 
     /tmp/cc50aRM5.s:62     .text:0000000000000048 .L0 
     /tmp/cc50aRM5.s:64     .text:000000000000004c .L0 
     /tmp/cc50aRM5.s:70     .text:000000000000004c _ZN9semaphore5blockEv
     /tmp/cc50aRM5.s:73     .text:000000000000004c .L0 
     /tmp/cc50aRM5.s:75     .text:000000000000004c .L0 
     /tmp/cc50aRM5.s:76     .text:0000000000000050 .L0 
     /tmp/cc50aRM5.s:82     .text:0000000000000064 .L0 
     /tmp/cc50aRM5.s:83     .text:0000000000000064 .L0 
     /tmp/cc50aRM5.s:84     .text:0000000000000064 .L0 
     /tmp/cc50aRM5.s:85     .text:0000000000000064 .L0 
     /tmp/cc50aRM5.s:86     .text:0000000000000064 .L0 
     /tmp/cc50aRM5.s:88     .text:0000000000000068 .L0 
     /tmp/cc50aRM5.s:91     .text:000000000000006c .L0 
     /tmp/cc50aRM5.s:92     .text:000000000000006c .L0 
     /tmp/cc50aRM5.s:99     .text:000000000000007c .L0 
     /tmp/cc50aRM5.s:108    .text:000000000000008c .L0 
     /tmp/cc50aRM5.s:114    .text:0000000000000094 .L0 
     /tmp/cc50aRM5.s:116    .text:0000000000000098 .L0 
     /tmp/cc50aRM5.s:118    .text:000000000000009c .L0 
     /tmp/cc50aRM5.s:121    .text:00000000000000a0 .L0 
     /tmp/cc50aRM5.s:123    .text:00000000000000a4 .L0 
     /tmp/cc50aRM5.s:129    .text:00000000000000ac .L0 
     /tmp/cc50aRM5.s:130    .text:00000000000000ac .L0 
     /tmp/cc50aRM5.s:137    .text:00000000000000b8 .L0 
     /tmp/cc50aRM5.s:138    .text:00000000000000b8 .L0 
     /tmp/cc50aRM5.s:144    .text:00000000000000c0 .L0 
     /tmp/cc50aRM5.s:145    .text:00000000000000c0 .L0 
     /tmp/cc50aRM5.s:148    .text:00000000000000cc .L0 
     /tmp/cc50aRM5.s:149    .text:00000000000000cc .L0 
     /tmp/cc50aRM5.s:152    .text:00000000000000d4 .L0 
     /tmp/cc50aRM5.s:153    .text:00000000000000d8 .L0 
     /tmp/cc50aRM5.s:154    .text:00000000000000d8 .L0 
     /tmp/cc50aRM5.s:156    .text:00000000000000dc .L0 
     /tmp/cc50aRM5.s:157    .text:00000000000000dc .L0 
     /tmp/cc50aRM5.s:159    .text:00000000000000e0 .L0 
     /tmp/cc50aRM5.s:162    .text:00000000000000e4 .L0 
     /tmp/cc50aRM5.s:165    .text:00000000000000e8 .L0 
GAS LISTING /tmp/cc50aRM5.s 			page 18


     /tmp/cc50aRM5.s:167    .text:00000000000000ec .L0 
     /tmp/cc50aRM5.s:171    .text:00000000000000f0 .L0 
     /tmp/cc50aRM5.s:175    .text:00000000000000f0 .L0 
     /tmp/cc50aRM5.s:179    .text:00000000000000f8 .L0 
     /tmp/cc50aRM5.s:185    .text:00000000000000f8 _ZN9semaphore4waitEv
     /tmp/cc50aRM5.s:188    .text:00000000000000f8 .L0 
     /tmp/cc50aRM5.s:190    .text:00000000000000f8 .L0 
     /tmp/cc50aRM5.s:191    .text:00000000000000f8 .L0 
     /tmp/cc50aRM5.s:192    .text:00000000000000f8 .L0 
     /tmp/cc50aRM5.s:194    .text:00000000000000fc .L0 
     /tmp/cc50aRM5.s:196    .text:0000000000000100 .L0 
     /tmp/cc50aRM5.s:197    .text:0000000000000100 .L0 
     /tmp/cc50aRM5.s:199    .text:0000000000000104 .L0 
     /tmp/cc50aRM5.s:201    .text:0000000000000108 .L0 
     /tmp/cc50aRM5.s:203    .text:000000000000010c .L0 
     /tmp/cc50aRM5.s:209    .text:0000000000000118 .L0 
     /tmp/cc50aRM5.s:210    .text:000000000000011c .L0 
     /tmp/cc50aRM5.s:213    .text:0000000000000124 .L0 
     /tmp/cc50aRM5.s:214    .text:0000000000000124 .L0 
     /tmp/cc50aRM5.s:216    .text:0000000000000128 .L0 
     /tmp/cc50aRM5.s:218    .text:0000000000000128 .L0 
     /tmp/cc50aRM5.s:219    .text:0000000000000128 .L0 
     /tmp/cc50aRM5.s:222    .text:0000000000000130 .L0 
     /tmp/cc50aRM5.s:223    .text:0000000000000134 .L0 
     /tmp/cc50aRM5.s:225    .text:0000000000000138 .L0 
     /tmp/cc50aRM5.s:226    .text:0000000000000138 .L0 
     /tmp/cc50aRM5.s:228    .text:000000000000013c .L0 
     /tmp/cc50aRM5.s:230    .text:0000000000000140 .L0 
     /tmp/cc50aRM5.s:236    .text:0000000000000140 _ZN9semaphore7unblockEv
     /tmp/cc50aRM5.s:239    .text:0000000000000140 .L0 
     /tmp/cc50aRM5.s:241    .text:0000000000000140 .L0 
     /tmp/cc50aRM5.s:242    .text:0000000000000144 .L0 
     /tmp/cc50aRM5.s:246    .text:0000000000000150 .L0 
     /tmp/cc50aRM5.s:247    .text:0000000000000150 .L0 
     /tmp/cc50aRM5.s:248    .text:0000000000000150 .L0 
     /tmp/cc50aRM5.s:250    .text:0000000000000154 .L0 
     /tmp/cc50aRM5.s:253    .text:0000000000000158 .L0 
     /tmp/cc50aRM5.s:254    .text:0000000000000158 .L0 
     /tmp/cc50aRM5.s:259    .text:000000000000015c .L0 
     /tmp/cc50aRM5.s:262    .text:0000000000000160 .L0 
     /tmp/cc50aRM5.s:265    .text:0000000000000164 .L0 
     /tmp/cc50aRM5.s:267    .text:0000000000000168 .L0 
     /tmp/cc50aRM5.s:269    .text:000000000000016c .L0 
     /tmp/cc50aRM5.s:272    .text:0000000000000170 .L0 
     /tmp/cc50aRM5.s:275    .text:0000000000000174 .L0 
     /tmp/cc50aRM5.s:278    .text:000000000000017c .L0 
     /tmp/cc50aRM5.s:281    .text:0000000000000180 .L0 
     /tmp/cc50aRM5.s:287    .text:0000000000000188 .L0 
     /tmp/cc50aRM5.s:292    .text:000000000000018c .L0 
     /tmp/cc50aRM5.s:293    .text:000000000000018c .L0 
     /tmp/cc50aRM5.s:294    .text:000000000000018c .L0 
     /tmp/cc50aRM5.s:301    .text:0000000000000194 .L0 
     /tmp/cc50aRM5.s:302    .text:0000000000000194 .L0 
     /tmp/cc50aRM5.s:303    .text:0000000000000194 .L0 
     /tmp/cc50aRM5.s:307    .text:0000000000000194 .L0 
     /tmp/cc50aRM5.s:308    .text:0000000000000194 .L0 
     /tmp/cc50aRM5.s:314    .text:00000000000001a0 .L0 
GAS LISTING /tmp/cc50aRM5.s 			page 19


     /tmp/cc50aRM5.s:320    .text:00000000000001a8 .L0 
     /tmp/cc50aRM5.s:323    .text:00000000000001b4 .L0 
     /tmp/cc50aRM5.s:325    .text:00000000000001b8 .L0 
     /tmp/cc50aRM5.s:327    .text:00000000000001bc .L0 
     /tmp/cc50aRM5.s:331    .text:00000000000001c8 .L0 
     /tmp/cc50aRM5.s:334    .text:00000000000001d4 .L0 
     /tmp/cc50aRM5.s:342    .text:00000000000001dc .L0 
     /tmp/cc50aRM5.s:343    .text:00000000000001e0 .L0 
     /tmp/cc50aRM5.s:344    .text:00000000000001e0 .L0 
     /tmp/cc50aRM5.s:346    .text:00000000000001e4 .L0 
     /tmp/cc50aRM5.s:347    .text:00000000000001e4 .L0 
     /tmp/cc50aRM5.s:349    .text:00000000000001e8 .L0 
     /tmp/cc50aRM5.s:352    .text:00000000000001ec .L0 
     /tmp/cc50aRM5.s:356    .text:00000000000001f0 .L0 
     /tmp/cc50aRM5.s:360    .text:00000000000001f0 .L0 
     /tmp/cc50aRM5.s:365    .text:00000000000001f8 .L0 
     /tmp/cc50aRM5.s:375    .text:0000000000000200 .L0 
     /tmp/cc50aRM5.s:382    .text:0000000000000214 .L0 
     /tmp/cc50aRM5.s:388    .text:0000000000000214 _ZN9semaphore6signalEv
     /tmp/cc50aRM5.s:391    .text:0000000000000214 .L0 
     /tmp/cc50aRM5.s:393    .text:0000000000000214 .L0 
     /tmp/cc50aRM5.s:394    .text:0000000000000214 .L0 
     /tmp/cc50aRM5.s:395    .text:0000000000000214 .L0 
     /tmp/cc50aRM5.s:397    .text:0000000000000218 .L0 
     /tmp/cc50aRM5.s:399    .text:000000000000021c .L0 
     /tmp/cc50aRM5.s:400    .text:000000000000021c .L0 
     /tmp/cc50aRM5.s:402    .text:0000000000000220 .L0 
     /tmp/cc50aRM5.s:405    .text:0000000000000228 .L0 
     /tmp/cc50aRM5.s:407    .text:000000000000022c .L0 
     /tmp/cc50aRM5.s:412    .text:0000000000000234 .L0 
     /tmp/cc50aRM5.s:413    .text:0000000000000238 .L0 
     /tmp/cc50aRM5.s:416    .text:0000000000000240 .L0 
     /tmp/cc50aRM5.s:417    .text:0000000000000240 .L0 
     /tmp/cc50aRM5.s:419    .text:0000000000000244 .L0 
     /tmp/cc50aRM5.s:421    .text:0000000000000244 .L0 
     /tmp/cc50aRM5.s:422    .text:0000000000000244 .L0 
     /tmp/cc50aRM5.s:425    .text:000000000000024c .L0 
     /tmp/cc50aRM5.s:426    .text:0000000000000250 .L0 
     /tmp/cc50aRM5.s:428    .text:0000000000000254 .L0 
     /tmp/cc50aRM5.s:429    .text:0000000000000254 .L0 
     /tmp/cc50aRM5.s:431    .text:0000000000000258 .L0 
     /tmp/cc50aRM5.s:433    .text:000000000000025c .L0 
     /tmp/cc50aRM5.s:439    .text:000000000000025c _ZN9semaphore14closeSemaphoreEv
     /tmp/cc50aRM5.s:442    .text:000000000000025c .L0 
     /tmp/cc50aRM5.s:444    .text:000000000000025c .L0 
     /tmp/cc50aRM5.s:445    .text:0000000000000260 .L0 
     /tmp/cc50aRM5.s:450    .text:0000000000000270 .L0 
     /tmp/cc50aRM5.s:451    .text:0000000000000270 .L0 
     /tmp/cc50aRM5.s:452    .text:0000000000000270 .L0 
     /tmp/cc50aRM5.s:453    .text:0000000000000270 .L0 
     /tmp/cc50aRM5.s:455    .text:0000000000000274 .L0 
     /tmp/cc50aRM5.s:458    .text:0000000000000278 .L0 
     /tmp/cc50aRM5.s:459    .text:0000000000000278 .L0 
     /tmp/cc50aRM5.s:462    .text:0000000000000280 .L0 
     /tmp/cc50aRM5.s:463    .text:0000000000000280 .L0 
     /tmp/cc50aRM5.s:468    .text:0000000000000284 .L0 
     /tmp/cc50aRM5.s:471    .text:0000000000000288 .L0 
GAS LISTING /tmp/cc50aRM5.s 			page 20


     /tmp/cc50aRM5.s:474    .text:000000000000028c .L0 
     /tmp/cc50aRM5.s:476    .text:0000000000000290 .L0 
     /tmp/cc50aRM5.s:478    .text:0000000000000294 .L0 
     /tmp/cc50aRM5.s:481    .text:0000000000000298 .L0 
     /tmp/cc50aRM5.s:484    .text:000000000000029c .L0 
     /tmp/cc50aRM5.s:487    .text:00000000000002a4 .L0 
     /tmp/cc50aRM5.s:490    .text:00000000000002a8 .L0 
     /tmp/cc50aRM5.s:493    .text:00000000000002b0 .L0 
     /tmp/cc50aRM5.s:497    .text:00000000000002b4 .L0 
     /tmp/cc50aRM5.s:502    .text:00000000000002bc .L0 
     /tmp/cc50aRM5.s:513    .text:00000000000002c4 .L0 
     /tmp/cc50aRM5.s:525    .text:00000000000002d8 .L0 
     /tmp/cc50aRM5.s:528    .text:00000000000002dc .L0 
     /tmp/cc50aRM5.s:530    .text:00000000000002e0 .L0 
     /tmp/cc50aRM5.s:533    .text:00000000000002e8 .L0 
     /tmp/cc50aRM5.s:536    .text:00000000000002ec .L0 
     /tmp/cc50aRM5.s:542    .text:00000000000002f4 .L0 
     /tmp/cc50aRM5.s:543    .text:00000000000002f4 .L0 
     /tmp/cc50aRM5.s:545    .text:00000000000002f8 .L0 
     /tmp/cc50aRM5.s:546    .text:00000000000002f8 .L0 
     /tmp/cc50aRM5.s:550    .text:0000000000000300 .L0 
     /tmp/cc50aRM5.s:554    .text:0000000000000300 .L0 
     /tmp/cc50aRM5.s:555    .text:0000000000000300 .L0 
     /tmp/cc50aRM5.s:556    .text:0000000000000300 .L0 
     /tmp/cc50aRM5.s:566    .text:0000000000000308 .L0 
     /tmp/cc50aRM5.s:567    .text:0000000000000308 .L0 
     /tmp/cc50aRM5.s:573    .text:0000000000000314 .L0 
     /tmp/cc50aRM5.s:579    .text:000000000000031c .L0 
     /tmp/cc50aRM5.s:582    .text:0000000000000328 .L0 
     /tmp/cc50aRM5.s:584    .text:000000000000032c .L0 
     /tmp/cc50aRM5.s:586    .text:0000000000000330 .L0 
     /tmp/cc50aRM5.s:590    .text:000000000000033c .L0 
     /tmp/cc50aRM5.s:593    .text:0000000000000348 .L0 
     /tmp/cc50aRM5.s:602    .text:0000000000000350 .L0 
     /tmp/cc50aRM5.s:603    .text:0000000000000350 .L0 
     /tmp/cc50aRM5.s:606    .text:0000000000000354 .L0 
     /tmp/cc50aRM5.s:609    .text:0000000000000358 .L0 
     /tmp/cc50aRM5.s:611    .text:000000000000035c .L0 
     /tmp/cc50aRM5.s:614    .text:0000000000000360 .L0 
     /tmp/cc50aRM5.s:619    .text:0000000000000368 .L0 
     /tmp/cc50aRM5.s:624    .text:000000000000036c .L0 
     /tmp/cc50aRM5.s:628    .text:0000000000000370 .L0 
     /tmp/cc50aRM5.s:629    .text:0000000000000374 .L0 
     /tmp/cc50aRM5.s:631    .text:0000000000000378 .L0 
     /tmp/cc50aRM5.s:632    .text:0000000000000378 .L0 
     /tmp/cc50aRM5.s:634    .text:000000000000037c .L0 
     /tmp/cc50aRM5.s:637    .text:0000000000000380 .L0 
     /tmp/cc50aRM5.s:640    .text:0000000000000384 .L0 
     /tmp/cc50aRM5.s:642    .text:0000000000000388 .L0 
     /tmp/cc50aRM5.s:649    .text:0000000000000388 .L0 
     /tmp/cc50aRM5.s:93     .text:0000000000000070 .L0 
     /tmp/cc50aRM5.s:130    .text:00000000000000ac .L0 
     /tmp/cc50aRM5.s:145    .text:00000000000000c0 .L0 
     /tmp/cc50aRM5.s:320    .text:00000000000001a8 .L0 
     /tmp/cc50aRM5.s:327    .text:00000000000001bc .L0 
     /tmp/cc50aRM5.s:331    .text:00000000000001c8 .L0 
     /tmp/cc50aRM5.s:375    .text:0000000000000200 .L0 
GAS LISTING /tmp/cc50aRM5.s 			page 21


     /tmp/cc50aRM5.s:513    .text:00000000000002c4 .L0 
     /tmp/cc50aRM5.s:579    .text:000000000000031c .L0 
     /tmp/cc50aRM5.s:586    .text:0000000000000330 .L0 
     /tmp/cc50aRM5.s:590    .text:000000000000033c .L0 
     /tmp/cc50aRM5.s:170    .text:00000000000000f0 .L6
     /tmp/cc50aRM5.s:119    .text:00000000000000a0 .L4
     /tmp/cc50aRM5.s:205    .text:0000000000000114 .L10
     /tmp/cc50aRM5.s:207    .text:0000000000000118 .L13
     /tmp/cc50aRM5.s:363    .text:00000000000001f8 .L20
     /tmp/cc50aRM5.s:355    .text:00000000000001f0 .L22
     /tmp/cc50aRM5.s:337    .text:00000000000001dc .L14
     /tmp/cc50aRM5.s:368    .text:0000000000000200 .L18
     /tmp/cc50aRM5.s:270    .text:0000000000000170 .L16
     /tmp/cc50aRM5.s:283    .text:0000000000000188 .L15
     /tmp/cc50aRM5.s:329    .text:00000000000001c8 .L19
     /tmp/cc50aRM5.s:408    .text:0000000000000230 .L26
     /tmp/cc50aRM5.s:410    .text:0000000000000234 .L29
     /tmp/cc50aRM5.s:500    .text:00000000000002bc .L39
     /tmp/cc50aRM5.s:495    .text:00000000000002b4 .L42
     /tmp/cc50aRM5.s:538    .text:00000000000002f4 .L38
     /tmp/cc50aRM5.s:479    .text:0000000000000298 .L32
     /tmp/cc50aRM5.s:588    .text:000000000000033c .L35
     /tmp/cc50aRM5.s:626    .text:0000000000000370 .L30
     /tmp/cc50aRM5.s:506    .text:00000000000002c4 .L34
     /tmp/cc50aRM5.s:617    .text:0000000000000368 .L40
     /tmp/cc50aRM5.s:526    .text:00000000000002dc .L37
     /tmp/cc50aRM5.s:518    .text:00000000000002d8 .L43
     /tmp/cc50aRM5.s:2263   .debug_abbrev:0000000000000000 .Ldebug_abbrev0
     /tmp/cc50aRM5.s:4258   .debug_str:00000000000006e5 .LASF132
     /tmp/cc50aRM5.s:4110   .debug_str:00000000000002db .LASF133
     /tmp/cc50aRM5.s:4200   .debug_str:0000000000000539 .LASF134
     /tmp/cc50aRM5.s:5      .text:0000000000000000 .Ltext0
     /tmp/cc50aRM5.s:645    .text:0000000000000388 .Letext0
     /tmp/cc50aRM5.s:4016   .debug_line:0000000000000000 .Ldebug_line0
     /tmp/cc50aRM5.s:4182   .debug_str:00000000000004d5 .LASF0
     /tmp/cc50aRM5.s:4198   .debug_str:0000000000000526 .LASF1
     /tmp/cc50aRM5.s:4166   .debug_str:0000000000000474 .LASF2
     /tmp/cc50aRM5.s:4086   .debug_str:0000000000000215 .LASF3
     /tmp/cc50aRM5.s:4130   .debug_str:000000000000037f .LASF4
     /tmp/cc50aRM5.s:4248   .debug_str:000000000000069f .LASF5
     /tmp/cc50aRM5.s:4044   .debug_str:00000000000000c1 .LASF6
     /tmp/cc50aRM5.s:4202   .debug_str:0000000000000568 .LASF7
     /tmp/cc50aRM5.s:4180   .debug_str:00000000000004c2 .LASF8
     /tmp/cc50aRM5.s:4276   .debug_str:0000000000000841 .LASF9
     /tmp/cc50aRM5.s:4108   .debug_str:00000000000002cd .LASF10
     /tmp/cc50aRM5.s:4220   .debug_str:00000000000005e2 .LASF11
     /tmp/cc50aRM5.s:4262   .debug_str:00000000000007b6 .LASF12
     /tmp/cc50aRM5.s:4050   .debug_str:00000000000000e5 .LASF13
     /tmp/cc50aRM5.s:4024   .debug_str:0000000000000025 .LASF14
     /tmp/cc50aRM5.s:4066   .debug_str:000000000000017a .LASF15
     /tmp/cc50aRM5.s:4236   .debug_str:0000000000000647 .LASF16
     /tmp/cc50aRM5.s:4076   .debug_str:00000000000001d6 .LASF17
     /tmp/cc50aRM5.s:4204   .debug_str:000000000000057b .LASF18
     /tmp/cc50aRM5.s:4146   .debug_str:00000000000003cb .LASF19
     /tmp/cc50aRM5.s:4028   .debug_str:0000000000000048 .LASF20
     /tmp/cc50aRM5.s:4054   .debug_str:0000000000000105 .LASF21
     /tmp/cc50aRM5.s:4090   .debug_str:000000000000023a .LASF22
GAS LISTING /tmp/cc50aRM5.s 			page 22


     /tmp/cc50aRM5.s:4112   .debug_str:00000000000002ed .LASF23
     /tmp/cc50aRM5.s:4296   .debug_str:0000000000000908 .LASF24
     /tmp/cc50aRM5.s:4040   .debug_str:000000000000009e .LASF25
     /tmp/cc50aRM5.s:4094   .debug_str:0000000000000258 .LASF26
     /tmp/cc50aRM5.s:4300   .debug_str:0000000000000925 .LASF27
     /tmp/cc50aRM5.s:4246   .debug_str:000000000000068c .LASF28
     /tmp/cc50aRM5.s:4026   .debug_str:0000000000000035 .LASF29
     /tmp/cc50aRM5.s:4260   .debug_str:00000000000007a9 .LASF30
     /tmp/cc50aRM5.s:4238   .debug_str:000000000000065d .LASF31
     /tmp/cc50aRM5.s:4030   .debug_str:0000000000000063 .LASF78
     /tmp/cc50aRM5.s:4150   .debug_str:00000000000003f4 .LASF32
     /tmp/cc50aRM5.s:4088   .debug_str:000000000000021b .LASF34
     /tmp/cc50aRM5.s:4222   .debug_str:00000000000005f1 .LASF135
     /tmp/cc50aRM5.s:4234   .debug_str:0000000000000642 .LASF33
     /tmp/cc50aRM5.s:4058   .debug_str:0000000000000132 .LASF35
     /tmp/cc50aRM5.s:4140   .debug_str:00000000000003a4 .LASF38
     /tmp/cc50aRM5.s:4152   .debug_str:00000000000003fe .LASF40
     /tmp/cc50aRM5.s:4174   .debug_str:0000000000000497 .LASF36
     /tmp/cc50aRM5.s:4156   .debug_str:000000000000041f .LASF37
     /tmp/cc50aRM5.s:4154   .debug_str:0000000000000412 .LASF39
     /tmp/cc50aRM5.s:4104   .debug_str:000000000000029f .LASF41
     /tmp/cc50aRM5.s:4092   .debug_str:0000000000000250 .LASF136
     /tmp/cc50aRM5.s:4070   .debug_str:000000000000019f .LASF90
     /tmp/cc50aRM5.s:4294   .debug_str:0000000000000902 .LASF42
     /tmp/cc50aRM5.s:4188   .debug_str:00000000000004f1 .LASF43
     /tmp/cc50aRM5.s:4186   .debug_str:00000000000004eb .LASF44
     /tmp/cc50aRM5.s:4138   .debug_str:000000000000039c .LASF45
     /tmp/cc50aRM5.s:4194   .debug_str:0000000000000515 .LASF46
     /tmp/cc50aRM5.s:4036   .debug_str:000000000000008f .LASF47
     /tmp/cc50aRM5.s:4282   .debug_str:000000000000087a .LASF48
     /tmp/cc50aRM5.s:4124   .debug_str:0000000000000350 .LASF101
     /tmp/cc50aRM5.s:4158   .debug_str:0000000000000437 .LASF49
     /tmp/cc50aRM5.s:4214   .debug_str:00000000000005b9 .LASF51
     /tmp/cc50aRM5.s:4184   .debug_str:00000000000004e2 .LASF50
     /tmp/cc50aRM5.s:4122   .debug_str:000000000000033d .LASF52
     /tmp/cc50aRM5.s:4074   .debug_str:00000000000001c8 .LASF137
     /tmp/cc50aRM5.s:4062   .debug_str:0000000000000148 .LASF138
     /tmp/cc50aRM5.s:4064   .debug_str:0000000000000170 .LASF53
     /tmp/cc50aRM5.s:4274   .debug_str:0000000000000836 .LASF54
     /tmp/cc50aRM5.s:4072   .debug_str:00000000000001b6 .LASF55
     /tmp/cc50aRM5.s:4098   .debug_str:0000000000000280 .LASF56
     /tmp/cc50aRM5.s:4046   .debug_str:00000000000000c8 .LASF57
     /tmp/cc50aRM5.s:4210   .debug_str:00000000000005aa .LASF58
     /tmp/cc50aRM5.s:4240   .debug_str:000000000000066a .LASF59
     /tmp/cc50aRM5.s:4056   .debug_str:0000000000000123 .LASF60
     /tmp/cc50aRM5.s:4292   .debug_str:00000000000008e2 .LASF61
     /tmp/cc50aRM5.s:4288   .debug_str:00000000000008bb .LASF62
     /tmp/cc50aRM5.s:4230   .debug_str:000000000000061c .LASF63
     /tmp/cc50aRM5.s:4270   .debug_str:0000000000000811 .LASF64
     /tmp/cc50aRM5.s:4018   .debug_str:0000000000000000 .LASF65
     /tmp/cc50aRM5.s:4164   .debug_str:000000000000046d .LASF66
     /tmp/cc50aRM5.s:4226   .debug_str:0000000000000611 .LASF67
     /tmp/cc50aRM5.s:4096   .debug_str:000000000000026a .LASF68
     /tmp/cc50aRM5.s:4172   .debug_str:000000000000048f .LASF104
     /tmp/cc50aRM5.s:4206   .debug_str:000000000000058d .LASF105
     /tmp/cc50aRM5.s:4208   .debug_str:00000000000005a5 .LASF69
     /tmp/cc50aRM5.s:4116   .debug_str:000000000000030e .LASF139
GAS LISTING /tmp/cc50aRM5.s 			page 23


     /tmp/cc50aRM5.s:4142   .debug_str:00000000000003ad .LASF70
     /tmp/cc50aRM5.s:4218   .debug_str:00000000000005dc .LASF71
     /tmp/cc50aRM5.s:4212   .debug_str:00000000000005b1 .LASF72
     /tmp/cc50aRM5.s:4132   .debug_str:0000000000000386 .LASF73
     /tmp/cc50aRM5.s:4032   .debug_str:000000000000006b .LASF74
     /tmp/cc50aRM5.s:4252   .debug_str:00000000000006c3 .LASF75
     /tmp/cc50aRM5.s:4100   .debug_str:0000000000000285 .LASF76
     /tmp/cc50aRM5.s:4120   .debug_str:0000000000000333 .LASF77
     /tmp/cc50aRM5.s:4080   .debug_str:00000000000001f2 .LASF79
     /tmp/cc50aRM5.s:4232   .debug_str:000000000000063d .LASF80
     /tmp/cc50aRM5.s:4298   .debug_str:0000000000000920 .LASF81
     /tmp/cc50aRM5.s:4118   .debug_str:0000000000000314 .LASF140
     /tmp/cc50aRM5.s:4082   .debug_str:00000000000001f7 .LASF82
     /tmp/cc50aRM5.s:4170   .debug_str:000000000000048a .LASF83
     /tmp/cc50aRM5.s:4256   .debug_str:00000000000006e0 .LASF84
     /tmp/cc50aRM5.s:4128   .debug_str:000000000000037a .LASF85
     /tmp/cc50aRM5.s:4144   .debug_str:00000000000003b8 .LASF86
     /tmp/cc50aRM5.s:4022   .debug_str:000000000000000e .LASF87
     /tmp/cc50aRM5.s:4176   .debug_str:00000000000004a0 .LASF108
     /tmp/cc50aRM5.s:4290   .debug_str:00000000000008cb .LASF141
     /tmp/cc50aRM5.s:4048   .debug_str:00000000000000dd .LASF88
     /tmp/cc50aRM5.s:4224   .debug_str:00000000000005f7 .LASF89
     /tmp/cc50aRM5.s:4178   .debug_str:00000000000004aa .LASF91
     /tmp/cc50aRM5.s:4168   .debug_str:0000000000000482 .LASF92
     /tmp/cc50aRM5.s:4286   .debug_str:000000000000089f .LASF93
     /tmp/cc50aRM5.s:4114   .debug_str:0000000000000301 .LASF94
     /tmp/cc50aRM5.s:4264   .debug_str:00000000000007c5 .LASF95
     /tmp/cc50aRM5.s:4060   .debug_str:000000000000013e .LASF96
     /tmp/cc50aRM5.s:4034   .debug_str:0000000000000074 .LASF97
     /tmp/cc50aRM5.s:4190   .debug_str:00000000000004f6 .LASF98
     /tmp/cc50aRM5.s:4126   .debug_str:000000000000035d .LASF99
     /tmp/cc50aRM5.s:4216   .debug_str:00000000000005d2 .LASF100
     /tmp/cc50aRM5.s:4020   .debug_str:0000000000000008 .LASF102
     /tmp/cc50aRM5.s:4302   .debug_str:0000000000000936 .LASF103
     /tmp/cc50aRM5.s:4250   .debug_str:00000000000006b1 .LASF106
     /tmp/cc50aRM5.s:4106   .debug_str:00000000000002b8 .LASF107
     /tmp/cc50aRM5.s:4280   .debug_str:0000000000000865 .LASF109
     /tmp/cc50aRM5.s:4192   .debug_str:0000000000000501 .LASF110
     /tmp/cc50aRM5.s:4254   .debug_str:00000000000006cc .LASF111
     /tmp/cc50aRM5.s:4160   .debug_str:0000000000000445 .LASF112
     /tmp/cc50aRM5.s:4084   .debug_str:00000000000001fc .LASF116
     /tmp/cc50aRM5.s:4278   .debug_str:0000000000000851 .LASF142
     /tmp/cc50aRM5.s:4148   .debug_str:00000000000003dc .LASF143
     /tmp/cc50aRM5.s:4134   .debug_str:000000000000038e .LASF113
     /tmp/cc50aRM5.s:4268   .debug_str:00000000000007f4 .LASF114
     /tmp/cc50aRM5.s:4038   .debug_str:0000000000000095 .LASF115
     /tmp/cc50aRM5.s:4068   .debug_str:0000000000000186 .LASF117
     /tmp/cc50aRM5.s:4228   .debug_str:0000000000000617 .LASF118
     /tmp/cc50aRM5.s:4162   .debug_str:000000000000044e .LASF120
     /tmp/cc50aRM5.s:4242   .debug_str:0000000000000681 .LASF119
     /tmp/cc50aRM5.s:4272   .debug_str:0000000000000823 .LASF121
     /tmp/cc50aRM5.s:440    .text:000000000000025c .LFB34
     /tmp/cc50aRM5.s:643    .text:0000000000000388 .LFE34
     /tmp/cc50aRM5.s:3489   .debug_loc:0000000000000000 .LLST28
     /tmp/cc50aRM5.s:3523   .debug_loc:0000000000000089 .LLST29
     /tmp/cc50aRM5.s:465    .text:0000000000000284 .LBB89
     /tmp/cc50aRM5.s:508    .text:00000000000002c4 .LBE89
GAS LISTING /tmp/cc50aRM5.s 			page 24


     /tmp/cc50aRM5.s:3534   .debug_loc:00000000000000bf .LLST30
     /tmp/cc50aRM5.s:3541   .debug_loc:00000000000000e2 .LLST31
     /tmp/cc50aRM5.s:3552   .debug_loc:0000000000000118 .LLST32
     /tmp/cc50aRM5.s:491    .text:00000000000002b0 .LVL45
     /tmp/cc50aRM5.s:509    .text:00000000000002c4 .LBB91
     /tmp/cc50aRM5.s:3976   .debug_ranges:0000000000000000 .Ldebug_ranges0
     /tmp/cc50aRM5.s:3559   .debug_loc:000000000000013b .LLST33
     /tmp/cc50aRM5.s:510    .text:00000000000002c4 .LBB92
     /tmp/cc50aRM5.s:3570   .debug_loc:0000000000000171 .LLST34
     /tmp/cc50aRM5.s:3581   .debug_loc:00000000000001a7 .LLST35
     /tmp/cc50aRM5.s:570    .text:0000000000000314 .LBB94
     /tmp/cc50aRM5.s:577    .text:000000000000031c .LBE94
     /tmp/cc50aRM5.s:3592   .debug_loc:00000000000001dd .LLST36
     /tmp/cc50aRM5.s:3600   .debug_loc:0000000000000201 .LLST37
     /tmp/cc50aRM5.s:3607   .debug_loc:0000000000000224 .LLST38
     /tmp/cc50aRM5.s:569    .text:0000000000000314 .LVL55
     /tmp/cc50aRM5.s:552    .text:0000000000000300 .LBB97
     /tmp/cc50aRM5.s:560    .text:0000000000000308 .LBE97
     /tmp/cc50aRM5.s:3614   .debug_loc:0000000000000247 .LLST39
     /tmp/cc50aRM5.s:3622   .debug_loc:000000000000026b .LLST40
     /tmp/cc50aRM5.s:522    .text:00000000000002d8 .LBB100
     /tmp/cc50aRM5.s:3629   .debug_loc:000000000000028e .LLST41
     /tmp/cc50aRM5.s:3640   .debug_loc:00000000000002c4 .LLST42
     /tmp/cc50aRM5.s:3651   .debug_loc:00000000000002fa .LLST43
     /tmp/cc50aRM5.s:537    .text:00000000000002f4 .LVL52
     /tmp/cc50aRM5.s:237    .text:0000000000000140 .LFB33
     /tmp/cc50aRM5.s:383    .text:0000000000000214 .LFE33
     /tmp/cc50aRM5.s:3658   .debug_loc:000000000000031d .LLST14
     /tmp/cc50aRM5.s:4196   .debug_str:000000000000051f .LASF122
     /tmp/cc50aRM5.s:3693   .debug_loc:00000000000003a7 .LLST15
     /tmp/cc50aRM5.s:256    .text:000000000000015c .LBB62
     /tmp/cc50aRM5.s:3704   .debug_loc:00000000000003dd .LLST16
     /tmp/cc50aRM5.s:3724   .debug_loc:000000000000042b .LLST17
     /tmp/cc50aRM5.s:3735   .debug_loc:0000000000000461 .LLST18
     /tmp/cc50aRM5.s:282    .text:0000000000000188 .LVL27
     /tmp/cc50aRM5.s:290    .text:000000000000018c .LBB65
     /tmp/cc50aRM5.s:298    .text:0000000000000194 .LBE65
     /tmp/cc50aRM5.s:3742   .debug_loc:0000000000000484 .LLST19
     /tmp/cc50aRM5.s:3750   .debug_loc:00000000000004a8 .LLST20
     /tmp/cc50aRM5.s:304    .text:0000000000000194 .LBB67
     /tmp/cc50aRM5.s:3757   .debug_loc:00000000000004cb .LLST21
     /tmp/cc50aRM5.s:305    .text:0000000000000194 .LBB68
     /tmp/cc50aRM5.s:3768   .debug_loc:0000000000000501 .LLST23
     /tmp/cc50aRM5.s:311    .text:00000000000001a0 .LBB70
     /tmp/cc50aRM5.s:318    .text:00000000000001a8 .LBE70
     /tmp/cc50aRM5.s:3779   .debug_loc:0000000000000537 .LLST24
     /tmp/cc50aRM5.s:3787   .debug_loc:000000000000055b .LLST25
     /tmp/cc50aRM5.s:3794   .debug_loc:000000000000057e .LLST26
     /tmp/cc50aRM5.s:310    .text:00000000000001a0 .LVL30
     /tmp/cc50aRM5.s:71     .text:000000000000004c .LFB32
     /tmp/cc50aRM5.s:180    .text:00000000000000f8 .LFE32
     /tmp/cc50aRM5.s:3801   .debug_loc:00000000000005a1 .LLST4
     /tmp/cc50aRM5.s:96     .text:000000000000007c .LBB43
     /tmp/cc50aRM5.s:3829   .debug_loc:0000000000000615 .LLST5
     /tmp/cc50aRM5.s:3840   .debug_loc:000000000000064b .LLST6
     /tmp/cc50aRM5.s:3851   .debug_loc:0000000000000681 .LLST7
     /tmp/cc50aRM5.s:105    .text:000000000000008c .LBB45
GAS LISTING /tmp/cc50aRM5.s 			page 25


     /tmp/cc50aRM5.s:112    .text:0000000000000094 .LBE45
     /tmp/cc50aRM5.s:3862   .debug_loc:00000000000006b7 .LLST8
     /tmp/cc50aRM5.s:3869   .debug_loc:00000000000006da .LLST9
     /tmp/cc50aRM5.s:3876   .debug_loc:00000000000006fd .LLST10
     /tmp/cc50aRM5.s:102    .text:0000000000000088 .LVL9
     /tmp/cc50aRM5.s:133    .text:00000000000000b8 .LBB48
     /tmp/cc50aRM5.s:142    .text:00000000000000c0 .LBE48
     /tmp/cc50aRM5.s:3883   .debug_loc:0000000000000720 .LLST11
     /tmp/cc50aRM5.s:3891   .debug_loc:0000000000000744 .LLST12
     /tmp/cc50aRM5.s:150    .text:00000000000000d4 .LVL15
     /tmp/cc50aRM5.s:389    .text:0000000000000214 .LFB31
     /tmp/cc50aRM5.s:434    .text:000000000000025c .LFE31
     /tmp/cc50aRM5.s:3898   .debug_loc:0000000000000767 .LLST27
     /tmp/cc50aRM5.s:423    .text:000000000000024c .LVL38
     /tmp/cc50aRM5.s:186    .text:00000000000000f8 .LFB30
     /tmp/cc50aRM5.s:231    .text:0000000000000140 .LFE30
     /tmp/cc50aRM5.s:3912   .debug_loc:00000000000007a0 .LLST13
     /tmp/cc50aRM5.s:220    .text:0000000000000130 .LVL20
     /tmp/cc50aRM5.s:10     .text:0000000000000000 .LFB29
     /tmp/cc50aRM5.s:65     .text:000000000000004c .LFE29
     /tmp/cc50aRM5.s:4136   .debug_str:0000000000000397 .LASF123
     /tmp/cc50aRM5.s:3926   .debug_loc:00000000000007d9 .LLST0
     /tmp/cc50aRM5.s:32     .text:0000000000000024 .LBB32
     /tmp/cc50aRM5.s:52     .text:0000000000000038 .LBE32
     /tmp/cc50aRM5.s:3940   .debug_loc:0000000000000812 .LLST1
     /tmp/cc50aRM5.s:3947   .debug_loc:0000000000000835 .LLST2
     /tmp/cc50aRM5.s:38     .text:0000000000000028 .LBB34
     /tmp/cc50aRM5.s:47     .text:0000000000000034 .LBE34
     /tmp/cc50aRM5.s:3954   .debug_loc:0000000000000858 .LLST3
     /tmp/cc50aRM5.s:31     .text:0000000000000024 .LVL2
     /tmp/cc50aRM5.s:4042   .debug_str:00000000000000af .LASF124
     /tmp/cc50aRM5.s:4078   .debug_str:00000000000001ec .LASF125
     /tmp/cc50aRM5.s:4304   .debug_str:000000000000093c .LASF126
     /tmp/cc50aRM5.s:4052   .debug_str:00000000000000f5 .LASF128
     /tmp/cc50aRM5.s:4244   .debug_str:0000000000000686 .LASF127
     /tmp/cc50aRM5.s:4284   .debug_str:0000000000000892 .LASF129
     /tmp/cc50aRM5.s:4102   .debug_str:000000000000028a .LASF130
     /tmp/cc50aRM5.s:4266   .debug_str:00000000000007e4 .LASF131
     /tmp/cc50aRM5.s:443    .text:000000000000025c .LVL39
     /tmp/cc50aRM5.s:469    .text:0000000000000288 .LVL41
     /tmp/cc50aRM5.s:482    .text:000000000000029c .LVL43
     /tmp/cc50aRM5.s:494    .text:00000000000002b4 .LVL46
     /tmp/cc50aRM5.s:505    .text:00000000000002c4 .LVL49
     /tmp/cc50aRM5.s:638    .text:0000000000000380 .LVL65
     /tmp/cc50aRM5.s:503    .text:00000000000002c0 .LVL48
     /tmp/cc50aRM5.s:534    .text:00000000000002ec .LVL51
     /tmp/cc50aRM5.s:635    .text:000000000000037c .LVL64
     /tmp/cc50aRM5.s:464    .text:0000000000000284 .LVL40
     /tmp/cc50aRM5.s:472    .text:000000000000028c .LVL42
     /tmp/cc50aRM5.s:499    .text:00000000000002bc .LVL47
     /tmp/cc50aRM5.s:488    .text:00000000000002a8 .LVL44
     /tmp/cc50aRM5.s:517    .text:00000000000002d8 .LVL50
     /tmp/cc50aRM5.s:549    .text:0000000000000300 .LVL53
     /tmp/cc50aRM5.s:595    .text:0000000000000350 .LVL57
     /tmp/cc50aRM5.s:558    .text:0000000000000308 .LVL54
     /tmp/cc50aRM5.s:575    .text:000000000000031c .LVL56
     /tmp/cc50aRM5.s:604    .text:0000000000000354 .LVL58
GAS LISTING /tmp/cc50aRM5.s 			page 26


     /tmp/cc50aRM5.s:620    .text:000000000000036c .LVL62
     /tmp/cc50aRM5.s:607    .text:0000000000000358 .LVL59
     /tmp/cc50aRM5.s:616    .text:0000000000000368 .LVL61
     /tmp/cc50aRM5.s:240    .text:0000000000000140 .LVL21
     /tmp/cc50aRM5.s:260    .text:0000000000000160 .LVL23
     /tmp/cc50aRM5.s:273    .text:0000000000000174 .LVL25
     /tmp/cc50aRM5.s:354    .text:00000000000001f0 .LVL34
     /tmp/cc50aRM5.s:367    .text:0000000000000200 .LVL36
     /tmp/cc50aRM5.s:350    .text:00000000000001e8 .LVL33
     /tmp/cc50aRM5.s:255    .text:000000000000015c .LVL22
     /tmp/cc50aRM5.s:263    .text:0000000000000164 .LVL24
     /tmp/cc50aRM5.s:362    .text:00000000000001f8 .LVL35
     /tmp/cc50aRM5.s:279    .text:0000000000000180 .LVL26
     /tmp/cc50aRM5.s:289    .text:000000000000018c .LVL28
     /tmp/cc50aRM5.s:296    .text:0000000000000194 .LVL29
     /tmp/cc50aRM5.s:336    .text:00000000000001dc .LVL32
     /tmp/cc50aRM5.s:316    .text:00000000000001a8 .LVL31
     /tmp/cc50aRM5.s:74     .text:000000000000004c .LVL6
     /tmp/cc50aRM5.s:100    .text:0000000000000080 .LVL8
     /tmp/cc50aRM5.s:160    .text:00000000000000e0 .LVL16
     /tmp/cc50aRM5.s:163    .text:00000000000000e4 .LVL17
     /tmp/cc50aRM5.s:169    .text:00000000000000f0 .LVL18
     /tmp/cc50aRM5.s:95     .text:000000000000007c .LVL7
     /tmp/cc50aRM5.s:125    .text:00000000000000ac .LVL12
     /tmp/cc50aRM5.s:110    .text:0000000000000094 .LVL11
     /tmp/cc50aRM5.s:104    .text:000000000000008c .LVL10
     /tmp/cc50aRM5.s:132    .text:00000000000000b8 .LVL13
     /tmp/cc50aRM5.s:140    .text:00000000000000c0 .LVL14
     /tmp/cc50aRM5.s:392    .text:0000000000000214 .LVL37
     /tmp/cc50aRM5.s:189    .text:00000000000000f8 .LVL19
     /tmp/cc50aRM5.s:14     .text:0000000000000000 .LVL0
     /tmp/cc50aRM5.s:29     .text:000000000000001c .LVL1
     /tmp/cc50aRM5.s:50     .text:0000000000000038 .LVL5
     /tmp/cc50aRM5.s:37     .text:0000000000000028 .LVL3
     /tmp/cc50aRM5.s:45     .text:0000000000000034 .LVL4
     /tmp/cc50aRM5.s:650    .debug_info:0000000000000000 .Ldebug_info0
     /tmp/cc50aRM5.s:127    .text:00000000000000ac .LBE43
     /tmp/cc50aRM5.s:172    .text:00000000000000f0 .LBB50
     /tmp/cc50aRM5.s:178    .text:00000000000000f8 .LBE50
     /tmp/cc50aRM5.s:285    .text:0000000000000188 .LBE62
     /tmp/cc50aRM5.s:357    .text:00000000000001f0 .LBB74
     /tmp/cc50aRM5.s:370    .text:0000000000000200 .LBE74
     /tmp/cc50aRM5.s:340    .text:00000000000001dc .LBE67
     /tmp/cc50aRM5.s:371    .text:0000000000000200 .LBB75
     /tmp/cc50aRM5.s:381    .text:0000000000000214 .LBE75
     /tmp/cc50aRM5.s:521    .text:00000000000002d8 .LBE91
     /tmp/cc50aRM5.s:551    .text:0000000000000300 .LBB103
     /tmp/cc50aRM5.s:561    .text:0000000000000308 .LBE103
     /tmp/cc50aRM5.s:563    .text:0000000000000308 .LBB104
     /tmp/cc50aRM5.s:598    .text:0000000000000350 .LBE104
     /tmp/cc50aRM5.s:520    .text:00000000000002d8 .LBE92
     /tmp/cc50aRM5.s:564    .text:0000000000000308 .LBB99
     /tmp/cc50aRM5.s:597    .text:0000000000000350 .LBE99
     /tmp/cc50aRM5.s:540    .text:00000000000002f4 .LBE100
     /tmp/cc50aRM5.s:600    .text:0000000000000350 .LBB105
     /tmp/cc50aRM5.s:622    .text:000000000000036c .LBE105

GAS LISTING /tmp/cc50aRM5.s 			page 27


UNDEFINED SYMBOLS
_Znwm
_ZN3PCB7runningE
_ZN3PCB12timeSliceCntE
_Z15thread_dispatchv
_ZdlPv
_ZN9Scheduler5readyE
